Archive member included because of file (symbol)

libee.a(ee_hal_structs.o)     obj/code.o (EE_IRQ_nesting_level)
libee.a(ee_utils.o)           obj/code.o (EE_system_init)
libee.a(ee_gnu_change_context_isr.o)
                              obj/code.o (EE_switch_context)
libee.a(ee_irqendin.o)        libee.a(ee_gnu_change_context_isr.o) (EE_IRQ_end_instance)
libee.a(ee_tstub.o)           obj/eecfg.o (EE_oo_thread_stub)
libee.a(ee_lookup.o)          libee.a(ee_irqendin.o) (EE_oo_IRQ_disable_count)
libee.a(ee_rq_exchg.o)        libee.a(ee_irqendin.o) (EE_rq2stk_exchange)
libee.a(ee_alsetrel.o)        obj/code.o (EE_oo_SetRelAlarm)
libee.a(ee_altick.o)          libee.a(ee_alsetrel.o) (EE_oo_counter_object_insert)
libee.a(ee_context.o)         libee.a(ee_gnu_change_context_isr.o) (EE_cortex_mx_change_context)
libee.a(ee_gnu_oo.o)          libee.a(ee_tstub.o) (EE_hal_terminate_savestk)
libee.a(ee_tnterm.o)          libee.a(ee_gnu_oo.o) (EE_thread_not_terminated)
libee.a(ee_rq_inser.o)        libee.a(ee_altick.o) (EE_rq_insert)
libee.a(ee_context.o)         libee.a(ee_context.o) (EE_std_run_task_code)
libee.a(ee_thendin.o)         libee.a(ee_context.o) (EE_thread_end_instance)
libstm32f4discovery.a(stm32f4_discovery_lcd.o)
                              obj/WidgetConfig.o (Font32x48)
libstm32f4xxspd.a(stm32f4xx_dma.o)
                              obj/STMPE811QTR.o (DMA_DeInit)
libstm32f4xxspd.a(stm32f4xx_fsmc.o)
                              libstm32f4discovery.a(stm32f4_discovery_lcd.o) (FSMC_NORSRAMDeInit)
libstm32f4xxspd.a(stm32f4xx_gpio.o)
                              obj/STMPE811QTR.o (GPIO_Init)
libstm32f4xxspd.a(stm32f4xx_i2c.o)
                              obj/STMPE811QTR.o (I2C_Init)
libstm32f4xxspd.a(stm32f4xx_rcc.o)
                              libstm32f4xxspd.a(stm32f4xx_i2c.o) (RCC_GetClocksFreq)
c:/progra~2/gnutoo~1/4195f~1.920/bin/../lib/gcc/arm-none-eabi/4.9.3/armv7e-m\libgcc.a(_arm_addsubdf3.o)
                              libstm32f4discovery.a(stm32f4_discovery_lcd.o) (__aeabi_ui2d)
c:/progra~2/gnutoo~1/4195f~1.920/bin/../lib/gcc/arm-none-eabi/4.9.3/armv7e-m\libgcc.a(_arm_muldivdf3.o)
                              obj/Touch.o (__aeabi_ddiv)
c:/progra~2/gnutoo~1/4195f~1.920/bin/../lib/gcc/arm-none-eabi/4.9.3/armv7e-m\libgcc.a(_arm_cmpdf2.o)
                              libstm32f4discovery.a(stm32f4_discovery_lcd.o) (__aeabi_dcmplt)
c:/progra~2/gnutoo~1/4195f~1.920/bin/../lib/gcc/arm-none-eabi/4.9.3/armv7e-m\libgcc.a(_arm_fixdfsi.o)
                              obj/Touch.o (__aeabi_d2iz)
c:/progra~2/gnutoo~1/4195f~1.920/bin/../lib/gcc/arm-none-eabi/4.9.3/armv7e-m\libgcc.a(_arm_addsubsf3.o)
                              obj/Touch.o (__aeabi_fsub)
c:/progra~2/gnutoo~1/4195f~1.920/bin/../lib/gcc/arm-none-eabi/4.9.3/armv7e-m\libgcc.a(_arm_muldivsf3.o)
                              obj/Touch.o (__aeabi_fmul)
c:/progra~2/gnutoo~1/4195f~1.920/bin/../lib/gcc/arm-none-eabi/4.9.3/armv7e-m\libgcc.a(_arm_fixsfsi.o)
                              obj/Touch.o (__aeabi_f2iz)
c:/progra~2/gnutoo~1/4195f~1.920/bin/../lib/gcc/arm-none-eabi/4.9.3/armv7e-m\libgcc.a(_arm_fixunssfsi.o)
                              obj/Touch.o (__aeabi_f2uiz)
C:\PROGRA~2\GNUTOO~1\4195F~1.920\arm-none-eabi\lib\thumb\libc.a(lib_a-exit.o)
                              c:/progra~2/gnutoo~1/4195f~1.920/bin/../lib/gcc/arm-none-eabi/4.9.3/../../../../arm-none-eabi/lib/armv7e-m/crt0.o (exit)
C:\PROGRA~2\GNUTOO~1\4195F~1.920\arm-none-eabi\lib\thumb\libc.a(lib_a-impure.o)
                              C:\PROGRA~2\GNUTOO~1\4195F~1.920\arm-none-eabi\lib\thumb\libc.a(lib_a-exit.o) (_global_impure_ptr)
C:\PROGRA~2\GNUTOO~1\4195F~1.920\arm-none-eabi\lib\thumb\libc.a(lib_a-init.o)
                              c:/progra~2/gnutoo~1/4195f~1.920/bin/../lib/gcc/arm-none-eabi/4.9.3/../../../../arm-none-eabi/lib/armv7e-m/crt0.o (__libc_init_array)
C:\PROGRA~2\GNUTOO~1\4195F~1.920\arm-none-eabi\lib\thumb\libc.a(lib_a-memset.o)
                              c:/progra~2/gnutoo~1/4195f~1.920/bin/../lib/gcc/arm-none-eabi/4.9.3/../../../../arm-none-eabi/lib/armv7e-m/crt0.o (memset)
C:\PROGRA~2\GNUTOO~1\4195F~1.920\arm-none-eabi\lib\thumb\libc.a(lib_a-sprintf.o)
                              obj/code.o (sprintf)
C:\PROGRA~2\GNUTOO~1\4195F~1.920\arm-none-eabi\lib\thumb\libc.a(lib_a-svfprintf.o)
                              C:\PROGRA~2\GNUTOO~1\4195F~1.920\arm-none-eabi\lib\thumb\libc.a(lib_a-sprintf.o) (_svfprintf_r)
C:\PROGRA~2\GNUTOO~1\4195F~1.920\arm-none-eabi\lib\thumb\libc.a(lib_a-__call_atexit.o)
                              C:\PROGRA~2\GNUTOO~1\4195F~1.920\arm-none-eabi\lib\thumb\libc.a(lib_a-exit.o) (__call_exitprocs)
C:\PROGRA~2\GNUTOO~1\4195F~1.920\arm-none-eabi\lib\thumb\libc.a(lib_a-atexit.o)
                              C:\PROGRA~2\GNUTOO~1\4195F~1.920\arm-none-eabi\lib\thumb\libc.a(lib_a-__call_atexit.o) (atexit)
C:\PROGRA~2\GNUTOO~1\4195F~1.920\arm-none-eabi\lib\thumb\libc.a(lib_a-dtoa.o)
[...]
Memory Configuration

Name             Origin             Length             Attributes
FLASH            0x08000000         0x00100000         xr
RAM              0x20000000         0x00020000         xrw
CCM              0x10000000         0x00010000         xrw
MEMORY_B1        0x60000000         0x00000000         xr
*default*        0x00000000         0xffffffff

Linker script and memory map

LOAD c:/progra~2/gnutoo~1/4195f~1.920/bin/../lib/gcc/arm-none-eabi/4.9.3/armv7e-m/crti.o
LOAD c:/progra~2/gnutoo~1/4195f~1.920/bin/../lib/gcc/arm-none-eabi/4.9.3/armv7e-m/crtbegin.o
LOAD c:/progra~2/gnutoo~1/4195f~1.920/bin/../lib/gcc/arm-none-eabi/4.9.3/../../../../arm-none-eabi/lib/armv7e-m/crt0.o
LOAD obj/Event.o
LOAD obj/STMPE811QTR.o
LOAD obj/StateMachine.o
LOAD obj/Touch.o
LOAD obj/Widget.o
LOAD obj/WidgetConfig.o
LOAD obj/code.o
LOAD obj/debug.o
LOAD obj/eecfg.o
LOAD obj/pictures.o
LOAD obj/pkg/mcu/st_stm32_stm32f4xx/src/startup_stm32f4xx_gnu.o
LOAD obj/pkg/mcu/st_stm32_stm32f4xx/src/system_stm32f4xx.o
LOAD libee.a
LOAD libstm32f4discovery.a
LOAD libstm32f4xxspd.a
START GROUP
LOAD c:/progra~2/gnutoo~1/4195f~1.920/bin/../lib/gcc/arm-none-eabi/4.9.3/armv7e-m\libgcc.a
LOAD C:\PROGRA~2\GNUTOO~1\4195F~1.920\arm-none-eabi\lib\thumb\libc.a
LOAD C:\PROGRA~2\GNUTOO~1\4195F~1.920\arm-none-eabi\lib\thumb\libm.a
LOAD C:\PROGRA~2\GNUTOO~1\4195F~1.920\arm-none-eabi\lib\thumb\libnosys.a
END GROUP

.text           0x08000000    0x4d314
 *(.isr_vector)
 .isr_vector    0x08000000      0x188 obj/pkg/mcu/st_stm32_stm32f4xx/src/startup_stm32f4xx_gnu.o
                0x08000000                __isr_vector
 *(.text*)
 .text          0x08000188        0x0 c:/progra~2/gnutoo~1/4195f~1.920/bin/../lib/gcc/arm-none-eabi/4.9.3/armv7e-m/crti.o
 .text          0x08000188       0x5c c:/progra~2/gnutoo~1/4195f~1.920/bin/../lib/gcc/arm-none-eabi/4.9.3/armv7e-m/crtbegin.o
 .text          0x080001e4       0x74 c:/progra~2/gnutoo~1/4195f~1.920/bin/../lib/gcc/arm-none-eabi/4.9.3/../../../../arm-none-eabi/lib/armv7e-m/crt0.o
                0x080001e4                _start
                0x080001e4                _mainCRTStartup
 .text          0x08000258        0x0 obj/Event.o
 .text          0x08000258      0xe20 obj/STMPE811QTR.o
                0x08000258                IOE_Config
                0x08000290                IOE_ITConfig
                0x080002d4                IOE_TS_GetState
                0x080003a8                IOE_GetGITStatus
                0x080003e8                IOE_ClearGITPending
                0x08000410                IOE_GetIOITStatus
                0x0800044c                IOE_IsOperational
                0x08000488                IOE_Reset
                0x080004bc                IOE_ReadID
                0x080004fc                IOE_FnctCmd
                0x08000558                IOE_IOPinConfig
                0x080005b4                IOE_GITCmd
                0x08000604                IOE_GITConfig
                0x08000660                IOE_IOITConfig
                0x080006bc                IOE_TS_Config
                0x080007bc                IOE_IOAFConfig
                0x08000818                IOE_IOEdgeConfig
                0x080008b4                IOE_ITOutConfig
                0x08000900                I2C_WriteDeviceRegister
                0x08000a70                I2C_ReadDeviceRegister
                0x08000c38                I2C_ReadDataBuffer
                0x08000e14                IOE_TS_Read_X
                0x08000e60                IOE_TS_Read_Y
 .text          0x08001078     0x112c obj/StateMachine.o
                0x08001078                control_smInit
                0x080010c0                control_smTran_
                0x080010dc                dispatch_entryAction
                0x08001204                dispatch_initialAction
                0x08001320                control_smDispatch
 .text          0x080021a4      0x5d4 obj/Touch.o
                0x080021a4                delay
                0x080021d8                Draw_Calibration_Mark
                0x08002220                Lcd_Touch_Calibration
                0x080024d0                GetTouch_TC_Async
                0x0800253c                GetTouch_TC_Sync
                0x080025ac                GetTouch_SC_Async
                0x08002674                GetTouch_SC_Sync
                0x0800273c                InitTouch
 .text          0x08002778      0x220 obj/Widget.o
                0x08002778                contains
                0x080027d8                OnTouch
                0x08002848                DrawInit
                0x0800287c                DrawOn
                0x080028e4                DrawOff
                0x0800294c                WPrint
 .text          0x08002998        0x0 obj/WidgetConfig.o
 .text          0x08002998      0x9e0 obj/code.o
                0x080029cc                systick_handler
                0x08002a88                ISR2_systick_handler
                0x08002a94                FuncTaskLCD
                0x08002ad0                setTimeString
                0x08002b08                IsUpdateTime
                0x08002b88                UpdateTime
                0x08002be0                UpdateMode
                0x08002c80                strencode2digit
                0x08002cdc                tenths2digit
                0x08002d20                drawdigits
                0x08002d64                handling_digits
                0x08002e5c                update_digits
                0x08002fa4                handling_eventsC
                0x08003060                FuncTaskControl
                0x08003154                FuncTaskTC
                0x08003224                FuncTaskAlarmMNG
                0x0800328c                main
 .text          0x08003378       0x4c obj/debug.o
                0x08003378                debuginfo
 .text          0x080033c4       0x34 obj/eecfg.o
 .text          0x080033f8        0x0 obj/pictures.o
 .text          0x080033f8        0x0 obj/pkg/mcu/st_stm32_stm32f4xx/src/startup_stm32f4xx_gnu.o
 .text.EE_cortex_mx_default_reset_ISR
                0x080033f8       0x40 obj/pkg/mcu/st_stm32_stm32f4xx/src/startup_stm32f4xx_gnu.o
                0x080033f8                EE_cortex_mx_default_reset_ISR
 .text.EE_cortex_mx_default_ISR
                0x08003438        0x4 obj/pkg/mcu/st_stm32_stm32f4xx/src/startup_stm32f4xx_gnu.o
                0x08003438                EE_CORTEX_MX_USART6_ISR
                0x08003438                EE_CORTEX_MX_CRYP_ISR
                0x08003438                EE_CORTEX_MX_BUS_FAULT_ISR
                0x08003438                EE_CORTEX_MX_PVD_ISR
                0x08003438                EE_CORTEX_MX_DMA1_Stream3_ISR
                0x08003438                EE_CORTEX_MX_DMA2_Stream6_ISR
                0x08003438                EE_CORTEX_MX_SPI2_ISR
                0x08003438                EE_CORTEX_MX_CAN1_RX1_ISR
                0x08003438                EE_CORTEX_MX_TIM6_DAC_ISR
                0x08003438                EE_CORTEX_MX_I2C2_EV_ISR
                0x08003438                EE_CORTEX_MX_TIM1_UP_TIM10_ISR
                0x08003438                EE_CORTEX_MX_CAN1_RX0_ISR
                0x08003438                EE_CORTEX_MX_USART1_ISR
                0x08003438                EE_CORTEX_MX_TIM8_CC_ISR
                0x08003438                EE_CORTEX_MX_DMA2_Stream2_ISR
                0x08003438                EE_CORTEX_MX_RTC_Alarm_ISR
                0x08003438                EE_CORTEX_MX_EXTI2_ISR
                0x08003438                EE_CORTEX_MX_OTG_HS_ISR
                0x08003438                EE_CORTEX_MX_DCMI_ISR
                0x08003438                EE_CORTEX_MX_SPI1_ISR
                0x08003438                EE_cortex_mx_default_ISR
                0x08003438                EE_CORTEX_MX_ETH_WKUP_ISR
                0x08003438                EE_CORTEX_MX_TIM8_TRG_COM_TIM14_ISR
                0x08003438                EE_CORTEX_MX_USAGE_FAULT_ISR
                0x08003438                EE_CORTEX_MX_DMA2_Stream4_ISR
                0x08003438                EE_CORTEX_MX_DMA1_Stream2_ISR
                0x08003438                EE_CORTEX_MX_TIM7_ISR
                0x08003438                EE_CORTEX_MX_TIM2_ISR
                0x08003438                EE_CORTEX_MX_I2C1_EV_ISR
                0x08003438                EE_CORTEX_MX_TIM1_TRG_COM_TIM11_ISR
                0x08003438                EE_CORTEX_MX_UART5_ISR
                0x08003438                EE_CORTEX_MX_UART4_ISR
                0x08003438                EE_CORTEX_MX_NMI_ISR
                0x08003438                EE_CORTEX_MX_TIM3_ISR
                0x08003438                EE_CORTEX_MX_USART3_ISR
                0x08003438                EE_CORTEX_MX_EXTI4_ISR
                0x08003438                EE_CORTEX_MX_ADC_ISR
                0x08003438                EE_CORTEX_MX_OTG_HS_EP1_IN_ISR
                0x08003438                EE_CORTEX_MX_CAN1_TX_ISR
                0x08003438                EE_CORTEX_MX_USART2_ISR
                0x08003438                EE_CORTEX_MX_SDIO_ISR
                0x08003438                EE_CORTEX_MX_I2C2_ER_ISR
                0x08003438                EE_CORTEX_MX_I2C3_EV_ISR
                0x08003438                EE_CORTEX_MX_HARD_FAULT_ISR
                0x08003438                EE_CORTEX_MX_OTG_HS_EP1_OUT_ISR
                0x08003438                EE_CORTEX_MX_TIM8_BRK_TIM12_ISR
                0x08003438                EE_CORTEX_MX_CAN1_SCE_ISR
                0x08003438                EE_CORTEX_MX_DMA1_Stream5_ISR
                0x08003438                EE_CORTEX_MX_TIM4_ISR
                0x08003438                EE_CORTEX_MX_ETH_ISR
                0x08003438                EE_CORTEX_MX_OTG_FS_ISR
                0x08003438                EE_CORTEX_MX_CAN2_RX0_ISR
                0x08003438                EE_CORTEX_MX_CAN2_SCE_ISR
                0x08003438                EE_CORTEX_MX_FPU_ISR
                0x08003438                EE_CORTEX_MX_RTC_WKUP_ISR
                0x08003438                EE_CORTEX_MX_TIM8_UP_TIM13_ISR
                0x08003438                EE_CORTEX_MX_OTG_FS_WKUP_ISR
                0x08003438                EE_CORTEX_MX_DMA2_Stream1_ISR
                0x08003438                EE_CORTEX_MX_EXTI9_5_ISR
                0x08003438                EE_CORTEX_MX_EXTI3_ISR
                0x08003438                EE_CORTEX_MX_EXTI0_ISR
                0x08003438                EE_CORTEX_MX_DMA2_Stream3_ISR
                0x08003438                EE_CORTEX_MX_I2C1_ER_ISR
                0x08003438                EE_CORTEX_MX_FLASH_ISR
                0x08003438                EE_CORTEX_MX_DMA1_Stream0_ISR
                0x08003438                EE_CORTEX_MX_OTG_HS_WKUP_ISR
                0x08003438                EE_CORTEX_MX_DMA1_Stream4_ISR
                0x08003438                EE_CORTEX_MX_TIM1_BRK_TIM9_ISR
                0x08003438                EE_CORTEX_MX_I2C3_ER_ISR
                0x08003438                EE_CORTEX_MX_TIM1_CC_ISR
                0x08003438                EE_CORTEX_MX_SPI3_ISR
                0x08003438                EE_CORTEX_MX_EXTI15_10_ISR
                0x08003438                EE_CORTEX_MX_CAN2_TX_ISR
                0x08003438                EE_CORTEX_MX_DMA2_Stream0_ISR
                0x08003438                EE_CORTEX_MX_RCC_ISR
                0x08003438                EE_CORTEX_MX_FSMC_ISR
                0x08003438                EE_CORTEX_MX_DMA1_Stream1_ISR
                0x08003438                EE_CORTEX_MX_DMA2_Stream7_ISR
                0x08003438                EE_CORTEX_MX_DMA2_Stream5_ISR
                0x08003438                EE_CORTEX_MX_EXTI1_ISR
                0x08003438                EE_CORTEX_MX_DEBUG_MONITOR_ISR
                0x08003438                EE_CORTEX_MX_WWDG_ISR
                0x08003438                EE_CORTEX_MX_MPU_FAULT_ISR
                0x08003438                EE_CORTEX_MX_HASH_RNG_ISR
                0x08003438                EE_CORTEX_MX_TIM5_ISR
                0x08003438                EE_CORTEX_MX_DMA1_Stream6_ISR
                0x08003438                EE_CORTEX_MX_TAMP_STAMP_ISR
                0x08003438                EE_CORTEX_MX_CAN2_RX1_ISR
                0x08003438                EE_CORTEX_MX_DMA1_Stream7_ISR
 .text._exit    0x0800343c        0x6 obj/pkg/mcu/st_stm32_stm32f4xx/src/startup_stm32f4xx_gnu.o
                0x0800343c                _exit
 *fill*         0x08003442        0x2 
 .text          0x08003444      0x244 obj/pkg/mcu/st_stm32_stm32f4xx/src/system_stm32f4xx.o
                0x08003444                SystemInit
                0x0800349c                SystemCoreClockUpdate
 .text          0x08003688       0x34 libee.a(ee_hal_structs.o)
 .text          0x080036bc       0x6c libee.a(ee_utils.o)
                0x080036f0                EE_system_init
 .text          0x08003728       0x8c libee.a(ee_gnu_change_context_isr.o)
                0x08003728                EE_set_switch_context_pri
                0x0800373e                EE_switch_context
                0x08003746                EE_cortex_mx_pendsv_ISR
                0x0800377a                EE_cortex_mx_svc_ISR
 .text          0x080037b4      0x10c libee.a(ee_irqendin.o)
                0x08003808                EE_IRQ_end_instance
                0x08003898                EE_IRQ_end_post_stub
 .text          0x080038c0       0x54 libee.a(ee_tstub.o)
                0x080038f4                EE_oo_thread_stub
 .text          0x08003914       0x34 libee.a(ee_lookup.o)
 .text          0x08003948       0x78 libee.a(ee_rq_exchg.o)
                0x0800397c                EE_rq2stk_exchange
 .text          0x080039c0      0x140 libee.a(ee_alsetrel.o)
                0x080039f4                EE_oo_SetRelAlarm
 .text          0x08003b00      0x444 libee.a(ee_altick.o)
                0x08003b34                EE_oo_counter_object_insert
                0x08003cec                EE_oo_IncrementCounterImplementation
                0x08003e4c                EE_oo_IncrementCounterHardware
                0x08003e80                EE_oo_IncrementCounter
 .text          0x08003f44       0x50 libee.a(ee_context.o)
                0x08003f78                EE_cortex_mx_change_context
 .text          0x08003f94       0x80 libee.a(ee_gnu_oo.o)
                0x08003f94                EE_hal_terminate_savestk
                0x08003fdc                EE_hal_terminate_task
 .text          0x08004014       0x4c libee.a(ee_tnterm.o)
                0x08004048                EE_thread_not_terminated
 .text          0x08004060       0xb4 libee.a(ee_rq_inser.o)
                0x08004094                EE_rq_insert
 .text          0x08004114       0x58 libee.a(ee_context.o)
                0x08004148                EE_std_run_task_code
 .text          0x0800416c      0x184 libee.a(ee_thendin.o)
                0x080041c0                EE_thread_end_instance
 .text          0x080042f0     0x1c80 libstm32f4discovery.a(stm32f4_discovery_lcd.o)
                0x080042f0                LCD_DeInit
                0x08004530                LCD_CtrlLinesConfig
                0x080046a8                LCD_FSMCConfig
                0x08004728                STM32f4_Discovery_LCD_Init
                0x08004898                LCD_SetCursor
                0x080048c4                LCD_WriteReg
                0x080048f4                LCD_ReadReg
                0x08004920                LCD_WriteRAM_Prepare
                0x08004934                LCD_WriteRAM
                0x08004954                LCD_ReadRAM
                0x0800496c                LCD_RGB_Test
                0x080049d4                LCD_SetColors
                0x08004a08                LCD_GetColors
                0x08004a38                LCD_SetTextColor
                0x08004a58                LCD_SetBackColor
                0x08004a78                LCD_DisplayOff
                0x08004a84                LCD_DisplayOn
                0x08004a90                LCD_SetFont
                0x08004aac                LCD_GetFont
                0x08004ac4                LCD_ClearLine
                0x08004b00                LCD_Clear
                0x08004b40                LCD_DrawPicture
                0x08004c54                LCD_DrawChar
                0x08004d58                LCD_DrawCharXY
                0x08004e90                LCD_DisplayChar
                0x08004ed8                LCD_DisplayCharXY
                0x08004f28                LCD_DisplayStringXY
                0x08004f7c                LCD_DisplayStringLine
                0x08004fd0                LCD_SetDisplayWindow
                0x08005058                LCD_WindowModeDisable
                0x08005064                LCD_DrawLine
                0x08005100                LCD_DrawRect
                0x08005184                LCD_DrawFilledCircle
                0x080051f8                LCD_DrawCircle
                0x080053c4                LCD_DrawMonoPict
                0x08005448                LCD_WriteBMP
                0x080054e8                LCD_DrawFilledRect
                0x0800557c                LCD_DrawFullRect
                0x08005650                LCD_DrawFullCircle
                0x08005790                LCD_DrawUniLine
                0x0800590c                LCD_PolyLine
                0x08005a08                LCD_ClosedPolyLine
                0x08005a5c                LCD_PolyLineRelative
                0x08005a7c                LCD_ClosedPolyLineRelative
                0x08005a9c                LCD_FillPolyLine
 .text          0x08005f70      0x70c libstm32f4xxspd.a(stm32f4xx_dma.o)
                0x08005f70                DMA_DeInit
                0x08006114                DMA_Init
                0x080061c0                DMA_StructInit
                0x0800622c                DMA_Cmd
                0x08006264                DMA_PeriphIncOffsetSizeConfig
                0x08006298                DMA_FlowControllerConfig
                0x080062cc                DMA_SetCurrDataCounter
                0x080062e8                DMA_GetCurrDataCounter
                0x08006304                DMA_DoubleBufferModeConfig
                0x08006340                DMA_DoubleBufferModeCmd
                0x08006378                DMA_MemoryTargetConfig
                0x080063a4                DMA_GetCurrentMemoryTarget
                0x080063d4                DMA_GetCmdStatus
                0x08006404                DMA_GetFIFOStatus
                0x08006428                DMA_GetFlagStatus
                0x080064a0                DMA_ClearFlag
                0x080064fc                DMA_ITConfig
                0x08006570                DMA_GetITStatus
                0x08006620                DMA_ClearITPendingBit
 .text          0x0800667c      0x94c libstm32f4xxspd.a(stm32f4xx_fsmc.o)
                0x0800667c                FSMC_NORSRAMDeInit
                0x080066d4                FSMC_NORSRAMInit
                0x08006808                FSMC_NORSRAMStructInit
                0x080068dc                FSMC_NORSRAMCmd
                0x08006930                FSMC_NANDDeInit
                0x0800698c                FSMC_NANDInit
                0x08006a58                FSMC_NANDStructInit
                0x08006ad4                FSMC_NANDCmd
                0x08006b40                FSMC_NANDECCCmd
                0x08006bac                FSMC_GetECC
                0x08006be4                FSMC_PCCARDDeInit
                0x08006c18                FSMC_PCCARDInit
                0x08006cc4                FSMC_PCCARDStructInit
                0x08006d48                FSMC_PCCARDCmd
                0x08006d84                FSMC_ITConfig
                0x08006e24                FSMC_GetFlagStatus
                0x08006e88                FSMC_ClearFlag
                0x08006ee4                FSMC_GetITStatus
                0x08006f64                FSMC_ClearITPendingBit
 .text          0x08006fc8      0x48c libstm32f4xxspd.a(stm32f4xx_gpio.o)
                0x08006fc8                GPIO_DeInit
                0x080070e8                GPIO_Init
                0x08007204                GPIO_StructInit
                0x08007238                GPIO_PinLockConfig
                0x0800727c                GPIO_ReadInputDataBit
                0x080072b0                GPIO_ReadInputData
                0x080072cc                GPIO_ReadOutputDataBit
                0x08007300                GPIO_ReadOutputData
                0x0800731c                GPIO_SetBits
                0x08007338                GPIO_ResetBits
                0x08007354                GPIO_WriteBit
                0x08007384                GPIO_Write
                0x080073a0                GPIO_ToggleBits
                0x080073c4                GPIO_PinAFConfig
 .text          0x08007454      0x988 libstm32f4xxspd.a(stm32f4xx_i2c.o)
                0x08007454                I2C_DeInit
                0x080074c8                I2C_Init
                0x0800764c                I2C_StructInit
                0x08007688                I2C_Cmd
                0x080076c8                I2C_GenerateSTART
                0x08007708                I2C_GenerateSTOP
                0x08007748                I2C_Send7bitAddress
                0x08007784                I2C_AcknowledgeConfig
                0x080077c4                I2C_OwnAddress2Config
                0x08007804                I2C_DualAddressCmd
                0x08007844                I2C_GeneralCallCmd
                0x08007884                I2C_SoftwareResetCmd
                0x080078c8                I2C_StretchClockCmd
                0x08007908                I2C_FastModeDutyCycleConfig
                0x08007948                I2C_NACKPositionConfig
                0x08007988                I2C_SMBusAlertConfig
                0x080079c8                I2C_ARPCmd
                0x08007a08                I2C_SendData
                0x08007a28                I2C_ReceiveData
                0x08007a44                I2C_TransmitPEC
                0x08007a84                I2C_PECPositionConfig
                0x08007ac4                I2C_CalculatePEC
                0x08007b04                I2C_GetPEC
                0x08007b24                I2C_DMACmd
                0x08007b64                I2C_DMALastTransferCmd
                0x08007ba4                I2C_ReadRegister
                0x08007bd4                I2C_ITConfig
                0x08007c1c                I2C_CheckEvent
                0x08007c7c                I2C_GetLastEvent
                0x08007cc0                I2C_GetFlagStatus
                0x08007d28                I2C_ClearFlag
                0x08007d54                I2C_GetITStatus
                0x08007db0                I2C_ClearITPendingBit
 .text          0x08007ddc      0xa80 libstm32f4xxspd.a(stm32f4xx_rcc.o)
                0x08007ddc                RCC_DeInit
                0x08007e2c                RCC_HSEConfig
                0x08007e50                RCC_WaitForHSEStartUp
                0x08007ea0                RCC_AdjustHSICalibrationValue
                0x08007edc                RCC_HSICmd
                0x08007efc                RCC_LSEConfig
                0x08007f3c                RCC_LSICmd
                0x08007f5c                RCC_PLLConfig
                0x08007f98                RCC_PLLCmd
                0x08007fb8                RCC_PLLI2SConfig
                0x08007fe0                RCC_PLLI2SCmd
                0x08008000                RCC_ClockSecuritySystemCmd
                0x08008020                RCC_MCO1Config
                0x0800805c                RCC_MCO2Config
                0x08008098                RCC_SYSCLKConfig
                0x080080d0                RCC_GetSYSCLKSource
                0x080080f0                RCC_HCLKConfig
                0x08008128                RCC_PCLK1Config
                0x08008160                RCC_PCLK2Config
                0x08008198                RCC_GetClocksFreq
                0x080082ec                RCC_RTCCLKConfig
                0x08008348                RCC_RTCCLKCmd
                0x08008368                RCC_BackupResetCmd
                0x08008388                RCC_I2SCLKConfig
                0x080083a4                RCC_AHB1PeriphClockCmd
                0x080083e0                RCC_AHB2PeriphClockCmd
                0x0800841c                RCC_AHB3PeriphClockCmd
                0x08008458                RCC_APB1PeriphClockCmd
                0x08008494                RCC_APB2PeriphClockCmd
                0x080084d0                RCC_AHB1PeriphResetCmd
                0x0800850c                RCC_AHB2PeriphResetCmd
                0x08008548                RCC_AHB3PeriphResetCmd
                0x08008584                RCC_APB1PeriphResetCmd
                0x080085c0                RCC_APB2PeriphResetCmd
                0x080085fc                RCC_AHB1PeriphClockLPModeCmd
                0x08008638                RCC_AHB2PeriphClockLPModeCmd
                0x08008674                RCC_AHB3PeriphClockLPModeCmd
                0x080086b0                RCC_APB1PeriphClockLPModeCmd
                0x080086ec                RCC_APB2PeriphClockLPModeCmd
                0x08008728                RCC_ITConfig
                0x08008774                RCC_GetFlagStatus
                0x080087e8                RCC_ClearFlag
                0x08008804                RCC_GetITStatus
                0x0800883c                RCC_ClearITPendingBit
 .text          0x0800885c      0x370 c:/progra~2/gnutoo~1/4195f~1.920/bin/../lib/gcc/arm-none-eabi/4.9.3/armv7e-m\libgcc.a(_arm_addsubdf3.o)
                0x0800885c                __aeabi_drsub
                0x08008864                __aeabi_dsub
                0x08008864                __subdf3
                0x08008868                __aeabi_dadd
                0x08008868                __adddf3
                0x08008ae0                __floatunsidf
                0x08008ae0                __aeabi_ui2d
                0x08008b00                __floatsidf
                0x08008b00                __aeabi_i2d
                0x08008b24                __aeabi_f2d
                0x08008b24                __extendsfdf2
                0x08008b60                __floatundidf
                0x08008b60                __aeabi_ul2d
                0x08008b70                __floatdidf
                0x08008b70                __aeabi_l2d
 .text          0x08008bcc      0x424 c:/progra~2/gnutoo~1/4195f~1.920/bin/../lib/gcc/arm-none-eabi/4.9.3/armv7e-m\libgcc.a(_arm_muldivdf3.o)
                0x08008bcc                __aeabi_dmul
                0x08008bcc                __muldf3
                0x08008e20                __divdf3
                0x08008e20                __aeabi_ddiv
 .text          0x08008ff0      0x110 c:/progra~2/gnutoo~1/4195f~1.920/bin/../lib/gcc/arm-none-eabi/4.9.3/armv7e-m\libgcc.a(_arm_cmpdf2.o)
                0x08008ff0                __gtdf2
                0x08008ff0                __gedf2
                0x08008ff8                __ltdf2
                0x08008ff8                __ledf2
                0x08009000                __nedf2
                0x08009000                __eqdf2
                0x08009000                __cmpdf2
                0x0800907c                __aeabi_cdrcmple
                0x0800908c                __aeabi_cdcmpeq
                0x0800908c                __aeabi_cdcmple
                0x0800909c                __aeabi_dcmpeq
                0x080090b0                __aeabi_dcmplt
                0x080090c4                __aeabi_dcmple
                0x080090d8                __aeabi_dcmpge
                0x080090ec                __aeabi_dcmpgt
 .text          0x08009100       0x50 c:/progra~2/gnutoo~1/4195f~1.920/bin/../lib/gcc/arm-none-eabi/4.9.3/armv7e-m\libgcc.a(_arm_fixdfsi.o)
                0x08009100                __aeabi_d2iz
                0x08009100                __fixdfsi
 .text          0x08009150      0x21c c:/progra~2/gnutoo~1/4195f~1.920/bin/../lib/gcc/arm-none-eabi/4.9.3/armv7e-m\libgcc.a(_arm_addsubsf3.o)
                0x08009150                __aeabi_frsub
                0x08009158                __subsf3
                0x08009158                __aeabi_fsub
                0x0800915c                __aeabi_fadd
                0x0800915c                __addsf3
                0x080092bc                __aeabi_ui2f
                0x080092bc                __floatunsisf
                0x080092c4                __aeabi_i2f
                0x080092c4                __floatsisf
                0x080092e0                __aeabi_ul2f
                0x080092e0                __floatundisf
                0x080092f0                __aeabi_l2f
                0x080092f0                __floatdisf
 .text          0x0800936c      0x2a0 c:/progra~2/gnutoo~1/4195f~1.920/bin/../lib/gcc/arm-none-eabi/4.9.3/armv7e-m\libgcc.a(_arm_muldivsf3.o)
                0x0800936c                __mulsf3
                0x0800936c                __aeabi_fmul
                0x080094d4                __aeabi_fdiv
                0x080094d4                __divsf3
 .text          0x0800960c       0x4c c:/progra~2/gnutoo~1/4195f~1.920/bin/../lib/gcc/arm-none-eabi/4.9.3/armv7e-m\libgcc.a(_arm_fixsfsi.o)
                0x0800960c                __aeabi_f2iz
                0x0800960c                __fixsfsi
 .text          0x08009658       0x40 c:/progra~2/gnutoo~1/4195f~1.920/bin/../lib/gcc/arm-none-eabi/4.9.3/armv7e-m\libgcc.a(_arm_fixunssfsi.o)
                0x08009658                __fixunssfsi
                0x08009658                __aeabi_f2uiz
 .text          0x08009698        0x0 C:\PROGRA~2\GNUTOO~1\4195F~1.920\arm-none-eabi\lib\thumb\libc.a(lib_a-exit.o)
 .text.exit     0x08009698       0x28 C:\PROGRA~2\GNUTOO~1\4195F~1.920\arm-none-eabi\lib\thumb\libc.a(lib_a-exit.o)
                0x08009698                exit
 .text          0x080096c0        0x0 C:\PROGRA~2\GNUTOO~1\4195F~1.920\arm-none-eabi\lib\thumb\libc.a(lib_a-impure.o)
 .text          0x080096c0        0x0 C:\PROGRA~2\GNUTOO~1\4195F~1.920\arm-none-eabi\lib\thumb\libc.a(lib_a-init.o)
 .text.__libc_init_array
                0x080096c0       0x58 C:\PROGRA~2\GNUTOO~1\4195F~1.920\arm-none-eabi\lib\thumb\libc.a(lib_a-init.o)
                0x080096c0                __libc_init_array
 .text          0x08009718        0x0 C:\PROGRA~2\GNUTOO~1\4195F~1.920\arm-none-eabi\lib\thumb\libc.a(lib_a-memset.o)
 .text.memset   0x08009718       0x94 C:\PROGRA~2\GNUTOO~1\4195F~1.920\arm-none-eabi\lib\thumb\libc.a(lib_a-memset.o)
                0x08009718                memset
 .text          0x080097ac        0x0 C:\PROGRA~2\GNUTOO~1\4195F~1.920\arm-none-eabi\lib\thumb\libc.a(lib_a-sprintf.o)
 .text._sprintf_r
                0x080097ac       0x40 C:\PROGRA~2\GNUTOO~1\4195F~1.920\arm-none-eabi\lib\thumb\libc.a(lib_a-sprintf.o)
                0x080097ac                _sprintf_r
 .text.sprintf  0x080097ec       0x44 C:\PROGRA~2\GNUTOO~1\4195F~1.920\arm-none-eabi\lib\thumb\libc.a(lib_a-sprintf.o)
                0x080097ec                sprintf
 .text          0x08009830        0x0 C:\PROGRA~2\GNUTOO~1\4195F~1.920\arm-none-eabi\lib\thumb\libc.a(lib_a-svfprintf.o)
 .text._svfprintf_r
                0x08009830     0x147c C:\PROGRA~2\GNUTOO~1\4195F~1.920\arm-none-eabi\lib\thumb\libc.a(lib_a-svfprintf.o)
                0x08009830                _svfprintf_r
 .text          0x0800acac        0x0 C:\PROGRA~2\GNUTOO~1\4195F~1.920\arm-none-eabi\lib\thumb\libc.a(lib_a-__call_atexit.o)
 .text.startup.register_fini
                0x0800acac       0x1c C:\PROGRA~2\GNUTOO~1\4195F~1.920\arm-none-eabi\lib\thumb\libc.a(lib_a-__call_atexit.o)
 .text.__call_exitprocs
                0x0800acc8      0x118 C:\PROGRA~2\GNUTOO~1\4195F~1.920\arm-none-eabi\lib\thumb\libc.a(lib_a-__call_atexit.o)
                0x0800acc8                __call_exitprocs
 .text          0x0800ade0        0x0 C:\PROGRA~2\GNUTOO~1\4195F~1.920\arm-none-eabi\lib\thumb\libc.a(lib_a-atexit.o)
 .text.atexit   0x0800ade0       0x14 C:\PROGRA~2\GNUTOO~1\4195F~1.920\arm-none-eabi\lib\thumb\libc.a(lib_a-atexit.o)
                0x0800ade0                atexit
 .text          0x0800adf4        0x0 C:\PROGRA~2\GNUTOO~1\4195F~1.920\arm-none-eabi\lib\thumb\libc.a(lib_a-dtoa.o)
 .text.quorem   0x0800adf4      0x160 C:\PROGRA~2\GNUTOO~1\4195F~1.920\arm-none-eabi\lib\thumb\libc.a(lib_a-dtoa.o)
 .text._dtoa_r  0x0800af54     0x102c C:\PROGRA~2\GNUTOO~1\4195F~1.920\arm-none-eabi\lib\thumb\libc.a(lib_a-dtoa.o)
                0x0800af54                _dtoa_r
 .text          0x0800bf80        0x0 C:\PROGRA~2\GNUTOO~1\4195F~1.920\arm-none-eabi\lib\thumb\libc.a(lib_a-fini.o)
 .text.__libc_fini_array
                0x0800bf80       0x3c C:\PROGRA~2\GNUTOO~1\4195F~1.920\arm-none-eabi\lib\thumb\libc.a(lib_a-fini.o)
                0x0800bf80                __libc_fini_array
 .text          0x0800bfbc        0x0 C:\PROGRA~2\GNUTOO~1\4195F~1.920\arm-none-eabi\lib\thumb\libc.a(lib_a-locale.o)
 .text._setlocale_r
                0x0800bfbc       0x48 C:\PROGRA~2\GNUTOO~1\4195F~1.920\arm-none-eabi\lib\thumb\libc.a(lib_a-locale.o)
                0x0800bfbc                _setlocale_r
 .text.__locale_charset
                0x0800c004        0x8 C:\PROGRA~2\GNUTOO~1\4195F~1.920\arm-none-eabi\lib\thumb\libc.a(lib_a-locale.o)
                0x0800c004                __locale_charset
 .text.__locale_mb_cur_max
                0x0800c00c        0xc C:\PROGRA~2\GNUTOO~1\4195F~1.920\arm-none-eabi\lib\thumb\libc.a(lib_a-locale.o)
                0x0800c00c                __locale_mb_cur_max
 .text.__locale_msgcharset
                0x0800c018        0x8 C:\PROGRA~2\GNUTOO~1\4195F~1.920\arm-none-eabi\lib\thumb\libc.a(lib_a-locale.o)
                0x0800c018                __locale_msgcharset
 .text.__locale_cjk_lang
                0x0800c020        0x4 C:\PROGRA~2\GNUTOO~1\4195F~1.920\arm-none-eabi\lib\thumb\libc.a(lib_a-locale.o)
                0x0800c020                __locale_cjk_lang
 .text._localeconv_r
                0x0800c024        0x8 C:\PROGRA~2\GNUTOO~1\4195F~1.920\arm-none-eabi\lib\thumb\libc.a(lib_a-locale.o)
                0x0800c024                _localeconv_r
 .text.setlocale
                0x0800c02c       0x1c C:\PROGRA~2\GNUTOO~1\4195F~1.920\arm-none-eabi\lib\thumb\libc.a(lib_a-locale.o)
                0x0800c02c                setlocale
 .text.localeconv
                0x0800c048        0x8 C:\PROGRA~2\GNUTOO~1\4195F~1.920\arm-none-eabi\lib\thumb\libc.a(lib_a-locale.o)
                0x0800c048                localeconv
 .text          0x0800c050        0x0 C:\PROGRA~2\GNUTOO~1\4195F~1.920\arm-none-eabi\lib\thumb\libc.a(lib_a-mallocr.o)
 .text._malloc_r
                0x0800c050      0x54c C:\PROGRA~2\GNUTOO~1\4195F~1.920\arm-none-eabi\lib\thumb\libc.a(lib_a-mallocr.o)
                0x0800c050                _malloc_r
 .text          0x0800c59c        0x0 C:\PROGRA~2\GNUTOO~1\4195F~1.920\arm-none-eabi\lib\thumb\libc.a(lib_a-memchr.o)
 .text.memchr   0x0800c59c       0x8c C:\PROGRA~2\GNUTOO~1\4195F~1.920\arm-none-eabi\lib\thumb\libc.a(lib_a-memchr.o)
                0x0800c59c                memchr
 .text          0x0800c628        0x0 C:\PROGRA~2\GNUTOO~1\4195F~1.920\arm-none-eabi\lib\thumb\libc.a(lib_a-memcpy.o)
 .text.memcpy   0x0800c628       0x80 C:\PROGRA~2\GNUTOO~1\4195F~1.920\arm-none-eabi\lib\thumb\libc.a(lib_a-memcpy.o)
                0x0800c628                memcpy
 .text          0x0800c6a8        0x0 C:\PROGRA~2\GNUTOO~1\4195F~1.920\arm-none-eabi\lib\thumb\libc.a(lib_a-mlock.o)
 .text.__malloc_lock
                0x0800c6a8        0x4 C:\PROGRA~2\GNUTOO~1\4195F~1.920\arm-none-eabi\lib\thumb\libc.a(lib_a-mlock.o)
                0x0800c6a8                __malloc_lock
 .text.__malloc_unlock
                0x0800c6ac        0x4 C:\PROGRA~2\GNUTOO~1\4195F~1.920\arm-none-eabi\lib\thumb\libc.a(lib_a-mlock.o)
                0x0800c6ac                __malloc_unlock
 .text          0x0800c6b0        0x0 C:\PROGRA~2\GNUTOO~1\4195F~1.920\arm-none-eabi\lib\thumb\libc.a(lib_a-mprec.o)
 .text._Balloc  0x0800c6b0       0x54 C:\PROGRA~2\GNUTOO~1\4195F~1.920\arm-none-eabi\lib\thumb\libc.a(lib_a-mprec.o)
                0x0800c6b0                _Balloc
 .text._Bfree   0x0800c704       0x14 C:\PROGRA~2\GNUTOO~1\4195F~1.920\arm-none-eabi\lib\thumb\libc.a(lib_a-mprec.o)
                0x0800c704                _Bfree
 .text.__multadd
                0x0800c718       0x98 C:\PROGRA~2\GNUTOO~1\4195F~1.920\arm-none-eabi\lib\thumb\libc.a(lib_a-mprec.o)
                0x0800c718                __multadd
 .text.__s2b    0x0800c7b0       0x98 C:\PROGRA~2\GNUTOO~1\4195F~1.920\arm-none-eabi\lib\thumb\libc.a(lib_a-mprec.o)
                0x0800c7b0                __s2b
 .text.__hi0bits
                0x0800c848       0x3c C:\PROGRA~2\GNUTOO~1\4195F~1.920\arm-none-eabi\lib\thumb\libc.a(lib_a-mprec.o)
                0x0800c848                __hi0bits
 .text.__lo0bits
                0x0800c884       0x5c C:\PROGRA~2\GNUTOO~1\4195F~1.920\arm-none-eabi\lib\thumb\libc.a(lib_a-mprec.o)
                0x0800c884                __lo0bits
 .text.__i2b    0x0800c8e0       0x18 C:\PROGRA~2\GNUTOO~1\4195F~1.920\arm-none-eabi\lib\thumb\libc.a(lib_a-mprec.o)
                0x0800c8e0                __i2b
 .text.__multiply
                0x0800c8f8      0x170 C:\PROGRA~2\GNUTOO~1\4195F~1.920\arm-none-eabi\lib\thumb\libc.a(lib_a-mprec.o)
                0x0800c8f8                __multiply
 .text.__pow5mult
                0x0800ca68       0xc0 C:\PROGRA~2\GNUTOO~1\4195F~1.920\arm-none-eabi\lib\thumb\libc.a(lib_a-mprec.o)
                0x0800ca68                __pow5mult
 .text.__lshift
                0x0800cb28       0xd0 C:\PROGRA~2\GNUTOO~1\4195F~1.920\arm-none-eabi\lib\thumb\libc.a(lib_a-mprec.o)
                0x0800cb28                __lshift
 .text.__mcmp   0x0800cbf8       0x3c C:\PROGRA~2\GNUTOO~1\4195F~1.920\arm-none-eabi\lib\thumb\libc.a(lib_a-mprec.o)
                0x0800cbf8                __mcmp
 .text.__mdiff  0x0800cc34       0xf0 C:\PROGRA~2\GNUTOO~1\4195F~1.920\arm-none-eabi\lib\thumb\libc.a(lib_a-mprec.o)
                0x0800cc34                __mdiff
 .text.__ulp    0x0800cd24       0x4c C:\PROGRA~2\GNUTOO~1\4195F~1.920\arm-none-eabi\lib\thumb\libc.a(lib_a-mprec.o)
                0x0800cd24                __ulp
 .text.__b2d    0x0800cd70       0xe0 C:\PROGRA~2\GNUTOO~1\4195F~1.920\arm-none-eabi\lib\thumb\libc.a(lib_a-mprec.o)
                0x0800cd70                __b2d
 .text.__d2b    0x0800ce50       0xc0 C:\PROGRA~2\GNUTOO~1\4195F~1.920\arm-none-eabi\lib\thumb\libc.a(lib_a-mprec.o)
                0x0800ce50                __d2b
 .text.__ratio  0x0800cf10       0x74 C:\PROGRA~2\GNUTOO~1\4195F~1.920\arm-none-eabi\lib\thumb\libc.a(lib_a-mprec.o)
                0x0800cf10                __ratio
 .text._mprec_log10
                0x0800cf84       0x38 C:\PROGRA~2\GNUTOO~1\4195F~1.920\arm-none-eabi\lib\thumb\libc.a(lib_a-mprec.o)
                0x0800cf84                _mprec_log10
 .text.__copybits
                0x0800cfbc       0x44 C:\PROGRA~2\GNUTOO~1\4195F~1.920\arm-none-eabi\lib\thumb\libc.a(lib_a-mprec.o)
                0x0800cfbc                __copybits
 .text.__any_on
                0x0800d000       0x64 C:\PROGRA~2\GNUTOO~1\4195F~1.920\arm-none-eabi\lib\thumb\libc.a(lib_a-mprec.o)
                0x0800d000                __any_on
 .text          0x0800d064        0x0 C:\PROGRA~2\GNUTOO~1\4195F~1.920\arm-none-eabi\lib\thumb\libc.a(lib_a-s_fpclassify.o)
 .text.__fpclassifyd
                0x0800d064       0x5c C:\PROGRA~2\GNUTOO~1\4195F~1.920\arm-none-eabi\lib\thumb\libc.a(lib_a-s_fpclassify.o)
                0x0800d064                __fpclassifyd
 .text          0x0800d0c0        0x0 C:\PROGRA~2\GNUTOO~1\4195F~1.920\arm-none-eabi\lib\thumb\libc.a(lib_a-sbrkr.o)
 .text._sbrk_r  0x0800d0c0       0x28 C:\PROGRA~2\GNUTOO~1\4195F~1.920\arm-none-eabi\lib\thumb\libc.a(lib_a-sbrkr.o)
                0x0800d0c0                _sbrk_r
 .text          0x0800d0e8      0x224 C:\PROGRA~2\GNUTOO~1\4195F~1.920\arm-none-eabi\lib\thumb\libc.a(lib_a-strcmp.o)
                0x0800d0e8                strcmp
 .text          0x0800d30c        0x0 C:\PROGRA~2\GNUTOO~1\4195F~1.920\arm-none-eabi\lib\thumb\libc.a(lib_a-strlen.o)
 .text.strlen   0x0800d30c       0x6c C:\PROGRA~2\GNUTOO~1\4195F~1.920\arm-none-eabi\lib\thumb\libc.a(lib_a-strlen.o)
                0x0800d30c                strlen
 .text          0x0800d378        0x0 C:\PROGRA~2\GNUTOO~1\4195F~1.920\arm-none-eabi\lib\thumb\libc.a(lib_a-svfiprintf.o)
 .text.__ssprint_r
                0x0800d378      0x134 C:\PROGRA~2\GNUTOO~1\4195F~1.920\arm-none-eabi\lib\thumb\libc.a(lib_a-svfiprintf.o)
                0x0800d378                __ssprint_r
 .text._svfiprintf_r
                0x0800d4ac      0x9d8 C:\PROGRA~2\GNUTOO~1\4195F~1.920\arm-none-eabi\lib\thumb\libc.a(lib_a-svfiprintf.o)
                0x0800d4ac                _svfiprintf_r
 .text          0x0800de84        0x0 C:\PROGRA~2\GNUTOO~1\4195F~1.920\arm-none-eabi\lib\thumb\libc.a(lib_a-__atexit.o)
 .text.__register_exitproc
                0x0800de84       0xd8 C:\PROGRA~2\GNUTOO~1\4195F~1.920\arm-none-eabi\lib\thumb\libc.a(lib_a-__atexit.o)
                0x0800de84                __register_exitproc
 .text          0x0800df5c        0x0 C:\PROGRA~2\GNUTOO~1\4195F~1.920\arm-none-eabi\lib\thumb\libc.a(lib_a-callocr.o)
 .text._calloc_r
                0x0800df5c       0x64 C:\PROGRA~2\GNUTOO~1\4195F~1.920\arm-none-eabi\lib\thumb\libc.a(lib_a-callocr.o)
                0x0800df5c                _calloc_r
 .text          0x0800dfc0        0x0 C:\PROGRA~2\GNUTOO~1\4195F~1.920\arm-none-eabi\lib\thumb\libc.a(lib_a-freer.o)
 .text._malloc_trim_r
                0x0800dfc0       0xa4 C:\PROGRA~2\GNUTOO~1\4195F~1.920\arm-none-eabi\lib\thumb\libc.a(lib_a-freer.o)
                0x0800dfc0                _malloc_trim_r
 .text._free_r  0x0800e064      0x1b4 C:\PROGRA~2\GNUTOO~1\4195F~1.920\arm-none-eabi\lib\thumb\libc.a(lib_a-freer.o)
                0x0800e064                _free_r
 .text          0x0800e218        0x0 C:\PROGRA~2\GNUTOO~1\4195F~1.920\arm-none-eabi\lib\thumb\libc.a(lib_a-memmove.o)
 .text.memmove  0x0800e218       0x9c C:\PROGRA~2\GNUTOO~1\4195F~1.920\arm-none-eabi\lib\thumb\libc.a(lib_a-memmove.o)
                0x0800e218                memmove
 .text          0x0800e2b4        0x0 C:\PROGRA~2\GNUTOO~1\4195F~1.920\arm-none-eabi\lib\thumb\libc.a(lib_a-reallocr.o)
 .text._realloc_r
                0x0800e2b4      0x3dc C:\PROGRA~2\GNUTOO~1\4195F~1.920\arm-none-eabi\lib\thumb\libc.a(lib_a-reallocr.o)
                0x0800e2b4                _realloc_r
 .text          0x0800e690        0x0 C:\PROGRA~2\GNUTOO~1\4195F~1.920\arm-none-eabi\lib\thumb\libc.a(lib_a-reent.o)
 .text.cleanup_glue
                0x0800e690       0x20 C:\PROGRA~2\GNUTOO~1\4195F~1.920\arm-none-eabi\lib\thumb\libc.a(lib_a-reent.o)
                0x0800e690                cleanup_glue
 .text._reclaim_reent
                0x0800e6b0       0xa0 C:\PROGRA~2\GNUTOO~1\4195F~1.920\arm-none-eabi\lib\thumb\libc.a(lib_a-reent.o)
                0x0800e6b0                _reclaim_reent
 .text          0x0800e750        0x0 C:\PROGRA~2\GNUTOO~1\4195F~1.920\arm-none-eabi\lib\thumb\libnosys.a(sbrk.o)
 .text._sbrk    0x0800e750       0x1c C:\PROGRA~2\GNUTOO~1\4195F~1.920\arm-none-eabi\lib\thumb\libnosys.a(sbrk.o)
                0x0800e750                _sbrk
 .text          0x0800e76c       0x24 c:/progra~2/gnutoo~1/4195f~1.920/bin/../lib/gcc/arm-none-eabi/4.9.3/armv7e-m\libgcc.a(_udivsi3.o)
                0x0800e76c                __aeabi_uidiv
                0x0800e76c                __udivsi3
                0x0800e780                __aeabi_uidivmod
 .text          0x0800e790       0x2c c:/progra~2/gnutoo~1/4195f~1.920/bin/../lib/gcc/arm-none-eabi/4.9.3/armv7e-m\libgcc.a(_divsi3.o)
                0x0800e790                __divsi3
                0x0800e790                __aeabi_idiv
                0x0800e7ac                __aeabi_idivmod
 .text          0x0800e7bc        0x4 c:/progra~2/gnutoo~1/4195f~1.920/bin/../lib/gcc/arm-none-eabi/4.9.3/armv7e-m\libgcc.a(_dvmd_tls.o)
                0x0800e7bc                __aeabi_idiv0
                0x0800e7bc                __aeabi_ldiv0
 .text          0x0800e7c0       0x30 c:/progra~2/gnutoo~1/4195f~1.920/bin/../lib/gcc/arm-none-eabi/4.9.3/armv7e-m\libgcc.a(_aeabi_uldivmod.o)
                0x0800e7c0                __aeabi_uldivmod
 .text          0x0800e7f0       0x60 c:/progra~2/gnutoo~1/4195f~1.920/bin/../lib/gcc/arm-none-eabi/4.9.3/armv7e-m\libgcc.a(bpabi.o)
                0x0800e7f0                __gnu_ldivmod_helper
                0x0800e820                __gnu_uldivmod_helper
 .text          0x0800e850      0x29c c:/progra~2/gnutoo~1/4195f~1.920/bin/../lib/gcc/arm-none-eabi/4.9.3/armv7e-m\libgcc.a(_divdi3.o)
                0x0800e850                __divdi3
 .text          0x0800eaec      0x26c c:/progra~2/gnutoo~1/4195f~1.920/bin/../lib/gcc/arm-none-eabi/4.9.3/armv7e-m\libgcc.a(_udivdi3.o)
                0x0800eaec                __udivdi3
 .text          0x0800ed58        0x0 c:/progra~2/gnutoo~1/4195f~1.920/bin/../lib/gcc/arm-none-eabi/4.9.3/armv7e-m/crtend.o
 .text          0x0800ed58        0x0 c:/progra~2/gnutoo~1/4195f~1.920/bin/../lib/gcc/arm-none-eabi/4.9.3/armv7e-m/crtn.o
 *(.init)
 .init          0x0800ed58        0x4 c:/progra~2/gnutoo~1/4195f~1.920/bin/../lib/gcc/arm-none-eabi/4.9.3/armv7e-m/crti.o
                0x0800ed58                _init
 .init          0x0800ed5c        0x8 c:/progra~2/gnutoo~1/4195f~1.920/bin/../lib/gcc/arm-none-eabi/4.9.3/armv7e-m/crtn.o
 *(.fini)
 .fini          0x0800ed64        0x4 c:/progra~2/gnutoo~1/4195f~1.920/bin/../lib/gcc/arm-none-eabi/4.9.3/armv7e-m/crti.o
                0x0800ed64                _fini
 .fini          0x0800ed68        0x8 c:/progra~2/gnutoo~1/4195f~1.920/bin/../lib/gcc/arm-none-eabi/4.9.3/armv7e-m/crtn.o
 *crtbegin.o(.ctors)
 *crtbegin.o(.ctors)
 *crtbegin?.o(.ctors)
 *(EXCLUDE_FILE(*crtend.o *crtend?.o) .ctors)
 *(SORT(.ctors.*))
 *(.ctors)
 *crtbegin.o(.dtors)
 *crtbegin?.o(.dtors)
 *(EXCLUDE_FILE(*crtend.o *crtend?.o) .dtors)
 *(SORT(.dtors.*))
 *(.dtors)
 *(.rodata*)
 .rodata        0x0800ed70      0x140 obj/WidgetConfig.o
                0x0800ed70                MyWatchScr
 .rodata        0x0800eeb0       0x26 obj/code.o
 *fill*         0x0800eed6        0x2 
 .rodata        0x0800eed8       0x15 obj/debug.o
 *fill*         0x0800eeed        0x3 
 .rodata        0x0800eef0       0xd0 obj/eecfg.o
                0x0800eef4                EE_hal_thread_body
                0x0800ef04                EE_terminate_real_th_body
                0x0800ef14                EE_th_ready_prio
                0x0800ef24                EE_th_dispatch_prio
                0x0800ef34                EE_counter_ROM
                0x0800ef40                EE_alarm_ROM
                0x0800ef50                EE_oo_counter_object_ROM
                0x0800ef80                EE_oo_action_ROM
 .rodata        0x0800efc0    0x3b46e obj/pictures.o
                0x0800efc0                ImageBuffer
                0x080347f8                iconalarm_off
                0x08036450                iconalarm_on
                0x080380a8                iconswatch_off
                0x08039d00                iconswatch_on
                0x0803b958                icontimer_off
                0x0803d5b0                icontime_off
                0x0803f208                icontime_on
                0x08040e60                icontimer_on
                0x08042ab8                iconstart
                0x08043db0                iconstop
                0x080450a8                wakeup
                0x080462e0                cleaner
                0x08047518                cleaner_txt
 *fill*         0x0804a42e        0x2 
 .rodata        0x0804a430        0x4 libee.a(ee_hal_structs.o)
 .rodata        0x0804a434        0x4 libee.a(ee_utils.o)
 .rodata        0x0804a438        0x4 libee.a(ee_irqendin.o)
 .rodata        0x0804a43c        0x4 libee.a(ee_tstub.o)
 .rodata        0x0804a440        0x4 libee.a(ee_lookup.o)
 .rodata        0x0804a444        0x4 libee.a(ee_rq_exchg.o)
 .rodata        0x0804a448        0x4 libee.a(ee_alsetrel.o)
 .rodata        0x0804a44c        0x4 libee.a(ee_altick.o)
 .rodata        0x0804a450        0x4 libee.a(ee_context.o)
 .rodata        0x0804a454        0x4 libee.a(ee_tnterm.o)
 .rodata        0x0804a458        0x4 libee.a(ee_rq_inser.o)
 .rodata        0x0804a45c        0x4 libee.a(ee_context.o)
 .rodata        0x0804a460        0x4 libee.a(ee_thendin.o)
 .rodata        0x0804a464     0x29d0 libstm32f4discovery.a(stm32f4_discovery_lcd.o)
                0x0804a464                ASCII16x24_Table
                0x0804b634                ASCII12x12_Table
                0x0804bf34                ASCII8x12_Table
                0x0804c834                ASCII8x8_Table
 .rodata.str1.4
                0x0804ce34        0x2 C:\PROGRA~2\GNUTOO~1\4195F~1.920\arm-none-eabi\lib\thumb\libc.a(lib_a-impure.o)
 *fill*         0x0804ce36        0x2 
 .rodata._global_impure_ptr
                0x0804ce38        0x4 C:\PROGRA~2\GNUTOO~1\4195F~1.920\arm-none-eabi\lib\thumb\libc.a(lib_a-impure.o)
                0x0804ce38                _global_impure_ptr
 .rodata._svfprintf_r
                0x0804ce3c      0x164 C:\PROGRA~2\GNUTOO~1\4195F~1.920\arm-none-eabi\lib\thumb\libc.a(lib_a-svfprintf.o)
 .rodata.zeroes.6911
                0x0804cfa0       0x10 C:\PROGRA~2\GNUTOO~1\4195F~1.920\arm-none-eabi\lib\thumb\libc.a(lib_a-svfprintf.o)
 .rodata.blanks.6910
                0x0804cfb0       0x10 C:\PROGRA~2\GNUTOO~1\4195F~1.920\arm-none-eabi\lib\thumb\libc.a(lib_a-svfprintf.o)
 .rodata.str1.4
                0x0804cfc0       0x42 C:\PROGRA~2\GNUTOO~1\4195F~1.920\arm-none-eabi\lib\thumb\libc.a(lib_a-svfprintf.o)
 *fill*         0x0804d002        0x2 
 .rodata.str1.4
                0x0804d004       0x10 C:\PROGRA~2\GNUTOO~1\4195F~1.920\arm-none-eabi\lib\thumb\libc.a(lib_a-dtoa.o)
                                 0x12 (size before relaxing)
 .rodata.str1.4
                0x0804d014        0xc C:\PROGRA~2\GNUTOO~1\4195F~1.920\arm-none-eabi\lib\thumb\libc.a(lib_a-locale.o)
                                 0x12 (size before relaxing)
 .rodata.__mprec_tens
                0x0804d020       0xc8 C:\PROGRA~2\GNUTOO~1\4195F~1.920\arm-none-eabi\lib\thumb\libc.a(lib_a-mprec.o)
                0x0804d020                __mprec_tens
 .rodata.p05.5302
                0x0804d0e8        0xc C:\PROGRA~2\GNUTOO~1\4195F~1.920\arm-none-eabi\lib\thumb\libc.a(lib_a-mprec.o)
 *fill*         0x0804d0f4        0x4 
 .rodata.__mprec_bigtens
                0x0804d0f8       0x28 C:\PROGRA~2\GNUTOO~1\4195F~1.920\arm-none-eabi\lib\thumb\libc.a(lib_a-mprec.o)
                0x0804d0f8                __mprec_bigtens
 .rodata.__mprec_tinytens
                0x0804d120       0x28 C:\PROGRA~2\GNUTOO~1\4195F~1.920\arm-none-eabi\lib\thumb\libc.a(lib_a-mprec.o)
                0x0804d120                __mprec_tinytens
 .rodata._svfiprintf_r
                0x0804d148      0x164 C:\PROGRA~2\GNUTOO~1\4195F~1.920\arm-none-eabi\lib\thumb\libc.a(lib_a-svfiprintf.o)
 .rodata.blanks.6854
                0x0804d2ac       0x10 C:\PROGRA~2\GNUTOO~1\4195F~1.920\arm-none-eabi\lib\thumb\libc.a(lib_a-svfiprintf.o)
 .rodata.str1.4
                0x00000000       0x2f C:\PROGRA~2\GNUTOO~1\4195F~1.920\arm-none-eabi\lib\thumb\libc.a(lib_a-svfiprintf.o)
 .rodata.zeroes.6855
                0x0804d2bc       0x10 C:\PROGRA~2\GNUTOO~1\4195F~1.920\arm-none-eabi\lib\thumb\libc.a(lib_a-svfiprintf.o)
 *(.eh_frame*)
 .eh_frame      0x0804d2cc        0x0 c:/progra~2/gnutoo~1/4195f~1.920/bin/../lib/gcc/arm-none-eabi/4.9.3/armv7e-m/crtbegin.o
 .eh_frame      0x0804d2cc       0x44 C:\PROGRA~2\GNUTOO~1\4195F~1.920\arm-none-eabi\lib\thumb\libc.a(lib_a-strcmp.o)
 .eh_frame      0x0804d310        0x4 c:/progra~2/gnutoo~1/4195f~1.920/bin/../lib/gcc/arm-none-eabi/4.9.3/armv7e-m/crtend.o

.glue_7         0x0804d314        0x0
 .glue_7        0x00000000        0x0 linker stubs

.glue_7t        0x0804d314        0x0
 .glue_7t       0x00000000        0x0 linker stubs

.vfp11_veneer   0x0804d314        0x0
 .vfp11_veneer  0x00000000        0x0 linker stubs

.v4_bx          0x0804d314        0x0
 .v4_bx         0x00000000        0x0 linker stubs

.iplt           0x0804d314        0x0
 .iplt          0x00000000        0x0 c:/progra~2/gnutoo~1/4195f~1.920/bin/../lib/gcc/arm-none-eabi/4.9.3/armv7e-m/crtbegin.o

.ARM.extab      0x0804d314        0x0
 *(.ARM.extab* .gnu.linkonce.armextab.*)
 .ARM.extab     0x0804d314        0x0 c:/progra~2/gnutoo~1/4195f~1.920/bin/../lib/gcc/arm-none-eabi/4.9.3/../../../../arm-none-eabi/lib/armv7e-m/crt0.o
 .ARM.extab     0x0804d314        0x0 c:/progra~2/gnutoo~1/4195f~1.920/bin/../lib/gcc/arm-none-eabi/4.9.3/armv7e-m\libgcc.a(_divdi3.o)
 .ARM.extab     0x0804d314        0x0 c:/progra~2/gnutoo~1/4195f~1.920/bin/../lib/gcc/arm-none-eabi/4.9.3/armv7e-m\libgcc.a(_udivdi3.o)
                0x0804d314                __exidx_start = .

.ARM.exidx      0x0804d314        0x8
 *(.ARM.exidx* .gnu.linkonce.armexidx.*)
 .ARM.exidx     0x0804d314        0x8 c:/progra~2/gnutoo~1/4195f~1.920/bin/../lib/gcc/arm-none-eabi/4.9.3/../../../../arm-none-eabi/lib/armv7e-m/crt0.o
 .ARM.exidx     0x0804d31c        0x0 c:/progra~2/gnutoo~1/4195f~1.920/bin/../lib/gcc/arm-none-eabi/4.9.3/armv7e-m\libgcc.a(_divdi3.o)
                                  0x8 (size before relaxing)
 .ARM.exidx     0x0804d31c        0x0 c:/progra~2/gnutoo~1/4195f~1.920/bin/../lib/gcc/arm-none-eabi/4.9.3/armv7e-m\libgcc.a(_udivdi3.o)
                                  0x8 (size before relaxing)
                0x0804d31c                __exidx_end = .
                0x0804d31c                __etext = .

.rel.dyn        0x0804d31c        0x0
 .rel.iplt      0x00000000        0x0 c:/progra~2/gnutoo~1/4195f~1.920/bin/../lib/gcc/arm-none-eabi/4.9.3/armv7e-m/crtbegin.o

.data           0x20000000      0xa38 load address 0x0804d31c
                0x20000000                __data_start__ = .
 *(vtable)
 *(.data*)
 .data          0x20000000        0x0 c:/progra~2/gnutoo~1/4195f~1.920/bin/../lib/gcc/arm-none-eabi/4.9.3/armv7e-m/crti.o
 .data          0x20000000        0x4 c:/progra~2/gnutoo~1/4195f~1.920/bin/../lib/gcc/arm-none-eabi/4.9.3/armv7e-m/crtbegin.o
                0x20000000                __dso_handle
 .data          0x20000004        0x0 c:/progra~2/gnutoo~1/4195f~1.920/bin/../lib/gcc/arm-none-eabi/4.9.3/../../../../arm-none-eabi/lib/armv7e-m/crt0.o
 .data          0x20000004        0x0 obj/Event.o
 .data          0x20000004        0x4 obj/STMPE811QTR.o
                0x20000004                IOE_TimeOut
 .data          0x20000008        0x0 obj/StateMachine.o
 .data          0x20000008       0x14 obj/Touch.o
 .data          0x2000001c        0x0 obj/Widget.o
 .data          0x2000001c       0x80 obj/WidgetConfig.o
                0x2000001c                buttontime
                0x20000028                buttontimer
                0x20000034                buttonalarm
                0x20000040                buttonswatch
                0x2000004c                buttonplus
                0x20000058                buttonminus
                0x20000064                buttonstart
                0x20000070                buttonstop
                0x2000007c                txt
                0x20000084                txt_t
                0x2000008c                backg
                0x20000090                wake_up
                0x20000094                cleaner_t
                0x20000098                cleaner_txt_t
 .data          0x2000009c        0x8 obj/code.o
 .data          0x200000a4        0x0 obj/debug.o
 .data          0x200000a4       0x50 obj/eecfg.o
                0x200000a4                EE_th_status
                0x200000b4                EE_th_next
                0x200000c4                EE_stkfirst
                0x200000c8                EE_th_rnact
                0x200000d8                EE_rq_first
                0x200000dc                EE_th_terminate_nextask
                0x200000ec                EE_counter_RAM
 .data          0x200000f4        0x0 obj/pictures.o
 .data          0x200000f4        0x0 obj/pkg/mcu/st_stm32_stm32f4xx/src/startup_stm32f4xx_gnu.o
 .data          0x200000f4       0x14 obj/pkg/mcu/st_stm32_stm32f4xx/src/system_stm32f4xx.o
                0x200000f4                SystemCoreClock
                0x200000f8                AHBPrescTable
 .data          0x20000108        0x0 libee.a(ee_hal_structs.o)
 .data          0x20000108        0x0 libee.a(ee_utils.o)
 .data          0x20000108        0x0 libee.a(ee_gnu_change_context_isr.o)
 .data          0x20000108        0x0 libee.a(ee_irqendin.o)
 .data          0x20000108        0x0 libee.a(ee_tstub.o)
 .data          0x20000108        0x0 libee.a(ee_lookup.o)
 .data          0x20000108        0x0 libee.a(ee_rq_exchg.o)
 .data          0x20000108        0x0 libee.a(ee_alsetrel.o)
 .data          0x20000108        0x0 libee.a(ee_altick.o)
 .data          0x20000108        0x0 libee.a(ee_context.o)
 .data          0x20000108        0x0 libee.a(ee_gnu_oo.o)
 .data          0x20000108        0x0 libee.a(ee_tnterm.o)
 .data          0x20000108        0x0 libee.a(ee_rq_inser.o)
 .data          0x20000108        0x0 libee.a(ee_context.o)
 .data          0x20000108        0x0 libee.a(ee_thendin.o)
 .data          0x20000108       0x56 libstm32f4discovery.a(stm32f4_discovery_lcd.o)
                0x20000108                Font48x72
                0x20000114                Font32x48
                0x20000120                Font24x36
                0x2000012c                Font16x24
                0x20000138                Font12x12
                0x20000144                Font8x12
                0x20000150                Font8x8
 .data          0x2000015e        0x0 libstm32f4xxspd.a(stm32f4xx_dma.o)
 .data          0x2000015e        0x0 libstm32f4xxspd.a(stm32f4xx_fsmc.o)
 .data          0x2000015e        0x0 libstm32f4xxspd.a(stm32f4xx_gpio.o)
 .data          0x2000015e        0x0 libstm32f4xxspd.a(stm32f4xx_i2c.o)
 *fill*         0x2000015e        0x2 
 .data          0x20000160       0x10 libstm32f4xxspd.a(stm32f4xx_rcc.o)
 .data          0x20000170        0x0 c:/progra~2/gnutoo~1/4195f~1.920/bin/../lib/gcc/arm-none-eabi/4.9.3/armv7e-m\libgcc.a(_arm_addsubdf3.o)
 .data          0x20000170        0x0 c:/progra~2/gnutoo~1/4195f~1.920/bin/../lib/gcc/arm-none-eabi/4.9.3/armv7e-m\libgcc.a(_arm_muldivdf3.o)
 .data          0x20000170        0x0 c:/progra~2/gnutoo~1/4195f~1.920/bin/../lib/gcc/arm-none-eabi/4.9.3/armv7e-m\libgcc.a(_arm_cmpdf2.o)
 .data          0x20000170        0x0 c:/progra~2/gnutoo~1/4195f~1.920/bin/../lib/gcc/arm-none-eabi/4.9.3/armv7e-m\libgcc.a(_arm_fixdfsi.o)
 .data          0x20000170        0x0 c:/progra~2/gnutoo~1/4195f~1.920/bin/../lib/gcc/arm-none-eabi/4.9.3/armv7e-m\libgcc.a(_arm_addsubsf3.o)
 .data          0x20000170        0x0 c:/progra~2/gnutoo~1/4195f~1.920/bin/../lib/gcc/arm-none-eabi/4.9.3/armv7e-m\libgcc.a(_arm_muldivsf3.o)
 .data          0x20000170        0x0 c:/progra~2/gnutoo~1/4195f~1.920/bin/../lib/gcc/arm-none-eabi/4.9.3/armv7e-m\libgcc.a(_arm_fixsfsi.o)
 .data          0x20000170        0x0 c:/progra~2/gnutoo~1/4195f~1.920/bin/../lib/gcc/arm-none-eabi/4.9.3/armv7e-m\libgcc.a(_arm_fixunssfsi.o)
 .data          0x20000170        0x0 C:\PROGRA~2\GNUTOO~1\4195F~1.920\arm-none-eabi\lib\thumb\libc.a(lib_a-exit.o)
 .data          0x20000170        0x0 C:\PROGRA~2\GNUTOO~1\4195F~1.920\arm-none-eabi\lib\thumb\libc.a(lib_a-impure.o)
 .data.impure_data
                0x20000170      0x428 C:\PROGRA~2\GNUTOO~1\4195F~1.920\arm-none-eabi\lib\thumb\libc.a(lib_a-impure.o)
 .data._impure_ptr
                0x20000598        0x4 C:\PROGRA~2\GNUTOO~1\4195F~1.920\arm-none-eabi\lib\thumb\libc.a(lib_a-impure.o)
                0x20000598                _impure_ptr
 .data          0x2000059c        0x0 C:\PROGRA~2\GNUTOO~1\4195F~1.920\arm-none-eabi\lib\thumb\libc.a(lib_a-init.o)
 .data          0x2000059c        0x0 C:\PROGRA~2\GNUTOO~1\4195F~1.920\arm-none-eabi\lib\thumb\libc.a(lib_a-memset.o)
 .data          0x2000059c        0x0 C:\PROGRA~2\GNUTOO~1\4195F~1.920\arm-none-eabi\lib\thumb\libc.a(lib_a-sprintf.o)
 .data          0x2000059c        0x0 C:\PROGRA~2\GNUTOO~1\4195F~1.920\arm-none-eabi\lib\thumb\libc.a(lib_a-svfprintf.o)
 .data          0x2000059c        0x0 C:\PROGRA~2\GNUTOO~1\4195F~1.920\arm-none-eabi\lib\thumb\libc.a(lib_a-__call_atexit.o)
 .data          0x2000059c        0x0 C:\PROGRA~2\GNUTOO~1\4195F~1.920\arm-none-eabi\lib\thumb\libc.a(lib_a-atexit.o)
 .data          0x2000059c        0x0 C:\PROGRA~2\GNUTOO~1\4195F~1.920\arm-none-eabi\lib\thumb\libc.a(lib_a-dtoa.o)
 .data          0x2000059c        0x0 C:\PROGRA~2\GNUTOO~1\4195F~1.920\arm-none-eabi\lib\thumb\libc.a(lib_a-fini.o)
 .data          0x2000059c        0x0 C:\PROGRA~2\GNUTOO~1\4195F~1.920\arm-none-eabi\lib\thumb\libc.a(lib_a-locale.o)
 .data.lc_message_charset
                0x2000059c       0x20 C:\PROGRA~2\GNUTOO~1\4195F~1.920\arm-none-eabi\lib\thumb\libc.a(lib_a-locale.o)
 .data.lconv    0x200005bc       0x38 C:\PROGRA~2\GNUTOO~1\4195F~1.920\arm-none-eabi\lib\thumb\libc.a(lib_a-locale.o)
 .data.lc_ctype_charset
                0x200005f4       0x20 C:\PROGRA~2\GNUTOO~1\4195F~1.920\arm-none-eabi\lib\thumb\libc.a(lib_a-locale.o)
 .data.__mb_cur_max
                0x20000614        0x4 C:\PROGRA~2\GNUTOO~1\4195F~1.920\arm-none-eabi\lib\thumb\libc.a(lib_a-locale.o)
                0x20000614                __mb_cur_max
 .data          0x20000618        0x0 C:\PROGRA~2\GNUTOO~1\4195F~1.920\arm-none-eabi\lib\thumb\libc.a(lib_a-mallocr.o)
 .data.__malloc_av_
                0x20000618      0x408 C:\PROGRA~2\GNUTOO~1\4195F~1.920\arm-none-eabi\lib\thumb\libc.a(lib_a-mallocr.o)
                0x20000618                __malloc_av_
 .data.__malloc_trim_threshold
                0x20000a20        0x4 C:\PROGRA~2\GNUTOO~1\4195F~1.920\arm-none-eabi\lib\thumb\libc.a(lib_a-mallocr.o)
                0x20000a20                __malloc_trim_threshold
 .data.__malloc_sbrk_base
                0x20000a24        0x4 C:\PROGRA~2\GNUTOO~1\4195F~1.920\arm-none-eabi\lib\thumb\libc.a(lib_a-mallocr.o)
                0x20000a24                __malloc_sbrk_base
 .data          0x20000a28        0x0 C:\PROGRA~2\GNUTOO~1\4195F~1.920\arm-none-eabi\lib\thumb\libc.a(lib_a-memchr.o)
 .data          0x20000a28        0x0 C:\PROGRA~2\GNUTOO~1\4195F~1.920\arm-none-eabi\lib\thumb\libc.a(lib_a-memcpy.o)
 .data          0x20000a28        0x0 C:\PROGRA~2\GNUTOO~1\4195F~1.920\arm-none-eabi\lib\thumb\libc.a(lib_a-mlock.o)
 .data          0x20000a28        0x0 C:\PROGRA~2\GNUTOO~1\4195F~1.920\arm-none-eabi\lib\thumb\libc.a(lib_a-mprec.o)
 .data          0x20000a28        0x0 C:\PROGRA~2\GNUTOO~1\4195F~1.920\arm-none-eabi\lib\thumb\libc.a(lib_a-s_fpclassify.o)
 .data          0x20000a28        0x0 C:\PROGRA~2\GNUTOO~1\4195F~1.920\arm-none-eabi\lib\thumb\libc.a(lib_a-sbrkr.o)
 .data          0x20000a28        0x0 C:\PROGRA~2\GNUTOO~1\4195F~1.920\arm-none-eabi\lib\thumb\libc.a(lib_a-strcmp.o)
 .data          0x20000a28        0x0 C:\PROGRA~2\GNUTOO~1\4195F~1.920\arm-none-eabi\lib\thumb\libc.a(lib_a-strlen.o)
 .data          0x20000a28        0x0 C:\PROGRA~2\GNUTOO~1\4195F~1.920\arm-none-eabi\lib\thumb\libc.a(lib_a-svfiprintf.o)
 .data          0x20000a28        0x0 C:\PROGRA~2\GNUTOO~1\4195F~1.920\arm-none-eabi\lib\thumb\libc.a(lib_a-__atexit.o)
 .data          0x20000a28        0x0 C:\PROGRA~2\GNUTOO~1\4195F~1.920\arm-none-eabi\lib\thumb\libc.a(lib_a-callocr.o)
 .data          0x20000a28        0x0 C:\PROGRA~2\GNUTOO~1\4195F~1.920\arm-none-eabi\lib\thumb\libc.a(lib_a-freer.o)
 .data          0x20000a28        0x0 C:\PROGRA~2\GNUTOO~1\4195F~1.920\arm-none-eabi\lib\thumb\libc.a(lib_a-memmove.o)
 .data          0x20000a28        0x0 C:\PROGRA~2\GNUTOO~1\4195F~1.920\arm-none-eabi\lib\thumb\libc.a(lib_a-reallocr.o)
 .data          0x20000a28        0x0 C:\PROGRA~2\GNUTOO~1\4195F~1.920\arm-none-eabi\lib\thumb\libc.a(lib_a-reent.o)
 .data          0x20000a28        0x0 C:\PROGRA~2\GNUTOO~1\4195F~1.920\arm-none-eabi\lib\thumb\libnosys.a(sbrk.o)
 .data          0x20000a28        0x0 c:/progra~2/gnutoo~1/4195f~1.920/bin/../lib/gcc/arm-none-eabi/4.9.3/armv7e-m\libgcc.a(_udivsi3.o)
 .data          0x20000a28        0x0 c:/progra~2/gnutoo~1/4195f~1.920/bin/../lib/gcc/arm-none-eabi/4.9.3/armv7e-m\libgcc.a(_divsi3.o)
 .data          0x20000a28        0x0 c:/progra~2/gnutoo~1/4195f~1.920/bin/../lib/gcc/arm-none-eabi/4.9.3/armv7e-m\libgcc.a(_dvmd_tls.o)
 .data          0x20000a28        0x0 c:/progra~2/gnutoo~1/4195f~1.920/bin/../lib/gcc/arm-none-eabi/4.9.3/armv7e-m\libgcc.a(_aeabi_uldivmod.o)
 .data          0x20000a28        0x0 c:/progra~2/gnutoo~1/4195f~1.920/bin/../lib/gcc/arm-none-eabi/4.9.3/armv7e-m\libgcc.a(bpabi.o)
 .data          0x20000a28        0x0 c:/progra~2/gnutoo~1/4195f~1.920/bin/../lib/gcc/arm-none-eabi/4.9.3/armv7e-m\libgcc.a(_divdi3.o)
 .data          0x20000a28        0x0 c:/progra~2/gnutoo~1/4195f~1.920/bin/../lib/gcc/arm-none-eabi/4.9.3/armv7e-m\libgcc.a(_udivdi3.o)
 .data          0x20000a28        0x0 c:/progra~2/gnutoo~1/4195f~1.920/bin/../lib/gcc/arm-none-eabi/4.9.3/armv7e-m/crtend.o
 .data          0x20000a28        0x0 c:/progra~2/gnutoo~1/4195f~1.920/bin/../lib/gcc/arm-none-eabi/4.9.3/armv7e-m/crtn.o
                0x20000a28                . = ALIGN (0x4)
                0x20000a28                PROVIDE (__preinit_array_start, .)
 *(.preinit_array)
                0x20000a28                PROVIDE (__preinit_array_end, .)
                0x20000a28                . = ALIGN (0x4)
                0x20000a28                PROVIDE (__init_array_start, .)
 *(SORT(.init_array.*))
 .init_array.00000
                0x20000a28        0x4 C:\PROGRA~2\GNUTOO~1\4195F~1.920\arm-none-eabi\lib\thumb\libc.a(lib_a-__call_atexit.o)
 *(.init_array)
 .init_array    0x20000a2c        0x4 c:/progra~2/gnutoo~1/4195f~1.920/bin/../lib/gcc/arm-none-eabi/4.9.3/armv7e-m/crtbegin.o
                0x20000a30                PROVIDE (__init_array_end, .)
                0x20000a30                . = ALIGN (0x4)
                0x20000a30                PROVIDE (__fini_array_start, .)
 *(SORT(.fini_array.*))
 *(.fini_array)
 .fini_array    0x20000a30        0x4 c:/progra~2/gnutoo~1/4195f~1.920/bin/../lib/gcc/arm-none-eabi/4.9.3/armv7e-m/crtbegin.o
                0x20000a34                PROVIDE (__fini_array_end, .)
 *(.jcr*)
 .jcr           0x20000a34        0x0 c:/progra~2/gnutoo~1/4195f~1.920/bin/../lib/gcc/arm-none-eabi/4.9.3/armv7e-m/crtbegin.o
 .jcr           0x20000a34        0x4 c:/progra~2/gnutoo~1/4195f~1.920/bin/../lib/gcc/arm-none-eabi/4.9.3/armv7e-m/crtend.o
                0x20000a38                . = ALIGN (0x4)
                0x20000a38                __data_end__ = .

.igot.plt       0x20000a38        0x0 load address 0x0804dd54
 .igot.plt      0x00000000        0x0 c:/progra~2/gnutoo~1/4195f~1.920/bin/../lib/gcc/arm-none-eabi/4.9.3/armv7e-m/crtbegin.o

.bss            0x20000a38      0x15c load address 0x0804dd54
                0x20000a38                . = ALIGN (0x4)
                0x20000a38                __bss_start__ = .
 *(.bss*)
 .bss           0x20000a38        0x0 c:/progra~2/gnutoo~1/4195f~1.920/bin/../lib/gcc/arm-none-eabi/4.9.3/armv7e-m/crti.o
 .bss           0x20000a38       0x1c c:/progra~2/gnutoo~1/4195f~1.920/bin/../lib/gcc/arm-none-eabi/4.9.3/armv7e-m/crtbegin.o
 .bss           0x20000a54        0x0 c:/progra~2/gnutoo~1/4195f~1.920/bin/../lib/gcc/arm-none-eabi/4.9.3/../../../../arm-none-eabi/lib/armv7e-m/crt0.o
 .bss           0x20000a54        0x0 obj/Event.o
 .bss           0x20000a54        0x4 obj/STMPE811QTR.o
 .bss           0x20000a58        0x0 obj/StateMachine.o
 .bss           0x20000a58        0x0 obj/Touch.o
 .bss           0x20000a58        0x0 obj/Widget.o
 .bss           0x20000a58        0x0 obj/WidgetConfig.o
 .bss           0x20000a58        0x7 obj/code.o
                0x20000a58                ran
 .bss           0x20000a5f        0x0 obj/debug.o
 *fill*         0x20000a5f        0x1 
 .bss           0x20000a60        0x4 obj/eecfg.o
                0x20000a60                EE_sys_ceiling
 .bss           0x20000a64        0x0 obj/pictures.o
 .bss           0x20000a64        0x0 obj/pkg/mcu/st_stm32_stm32f4xx/src/startup_stm32f4xx_gnu.o
 .bss           0x20000a64        0x0 obj/pkg/mcu/st_stm32_stm32f4xx/src/system_stm32f4xx.o
 .bss           0x20000a64        0x0 libee.a(ee_hal_structs.o)
 .bss           0x20000a64        0x0 libee.a(ee_utils.o)
 .bss           0x20000a64        0x0 libee.a(ee_gnu_change_context_isr.o)
 .bss           0x20000a64        0x0 libee.a(ee_irqendin.o)
 .bss           0x20000a64        0x0 libee.a(ee_tstub.o)
 .bss           0x20000a64        0x0 libee.a(ee_lookup.o)
 .bss           0x20000a64        0x0 libee.a(ee_rq_exchg.o)
 .bss           0x20000a64        0x0 libee.a(ee_alsetrel.o)
 .bss           0x20000a64        0x0 libee.a(ee_altick.o)
 .bss           0x20000a64        0x0 libee.a(ee_context.o)
 .bss           0x20000a64        0x0 libee.a(ee_gnu_oo.o)
 .bss           0x20000a64        0x0 libee.a(ee_tnterm.o)
 .bss           0x20000a64        0x0 libee.a(ee_rq_inser.o)
 .bss           0x20000a64        0x0 libee.a(ee_context.o)
 .bss           0x20000a64        0x0 libee.a(ee_thendin.o)
 .bss           0x20000a64        0x6 libstm32f4discovery.a(stm32f4_discovery_lcd.o)
 .bss           0x20000a6a        0x0 libstm32f4xxspd.a(stm32f4xx_dma.o)
 .bss           0x20000a6a        0x0 libstm32f4xxspd.a(stm32f4xx_fsmc.o)
 .bss           0x20000a6a        0x0 libstm32f4xxspd.a(stm32f4xx_gpio.o)
 .bss           0x20000a6a        0x0 libstm32f4xxspd.a(stm32f4xx_i2c.o)
 .bss           0x20000a6a        0x0 libstm32f4xxspd.a(stm32f4xx_rcc.o)
 .bss           0x20000a6a        0x0 c:/progra~2/gnutoo~1/4195f~1.920/bin/../lib/gcc/arm-none-eabi/4.9.3/armv7e-m\libgcc.a(_arm_addsubdf3.o)
 .bss           0x20000a6a        0x0 c:/progra~2/gnutoo~1/4195f~1.920/bin/../lib/gcc/arm-none-eabi/4.9.3/armv7e-m\libgcc.a(_arm_muldivdf3.o)
 .bss           0x20000a6a        0x0 c:/progra~2/gnutoo~1/4195f~1.920/bin/../lib/gcc/arm-none-eabi/4.9.3/armv7e-m\libgcc.a(_arm_cmpdf2.o)
 .bss           0x20000a6a        0x0 c:/progra~2/gnutoo~1/4195f~1.920/bin/../lib/gcc/arm-none-eabi/4.9.3/armv7e-m\libgcc.a(_arm_fixdfsi.o)
 .bss           0x20000a6a        0x0 c:/progra~2/gnutoo~1/4195f~1.920/bin/../lib/gcc/arm-none-eabi/4.9.3/armv7e-m\libgcc.a(_arm_addsubsf3.o)
 .bss           0x20000a6a        0x0 c:/progra~2/gnutoo~1/4195f~1.920/bin/../lib/gcc/arm-none-eabi/4.9.3/armv7e-m\libgcc.a(_arm_muldivsf3.o)
 .bss           0x20000a6a        0x0 c:/progra~2/gnutoo~1/4195f~1.920/bin/../lib/gcc/arm-none-eabi/4.9.3/armv7e-m\libgcc.a(_arm_fixsfsi.o)
 .bss           0x20000a6a        0x0 c:/progra~2/gnutoo~1/4195f~1.920/bin/../lib/gcc/arm-none-eabi/4.9.3/armv7e-m\libgcc.a(_arm_fixunssfsi.o)
 .bss           0x20000a6a        0x0 C:\PROGRA~2\GNUTOO~1\4195F~1.920\arm-none-eabi\lib\thumb\libc.a(lib_a-exit.o)
 .bss           0x20000a6a        0x0 C:\PROGRA~2\GNUTOO~1\4195F~1.920\arm-none-eabi\lib\thumb\libc.a(lib_a-impure.o)
 .bss           0x20000a6a        0x0 C:\PROGRA~2\GNUTOO~1\4195F~1.920\arm-none-eabi\lib\thumb\libc.a(lib_a-init.o)
 .bss           0x20000a6a        0x0 C:\PROGRA~2\GNUTOO~1\4195F~1.920\arm-none-eabi\lib\thumb\libc.a(lib_a-memset.o)
 .bss           0x20000a6a        0x0 C:\PROGRA~2\GNUTOO~1\4195F~1.920\arm-none-eabi\lib\thumb\libc.a(lib_a-sprintf.o)
 .bss           0x20000a6a        0x0 C:\PROGRA~2\GNUTOO~1\4195F~1.920\arm-none-eabi\lib\thumb\libc.a(lib_a-svfprintf.o)
 .bss           0x20000a6a        0x0 C:\PROGRA~2\GNUTOO~1\4195F~1.920\arm-none-eabi\lib\thumb\libc.a(lib_a-__call_atexit.o)
 .bss           0x20000a6a        0x0 C:\PROGRA~2\GNUTOO~1\4195F~1.920\arm-none-eabi\lib\thumb\libc.a(lib_a-atexit.o)
 .bss           0x20000a6a        0x0 C:\PROGRA~2\GNUTOO~1\4195F~1.920\arm-none-eabi\lib\thumb\libc.a(lib_a-dtoa.o)
 .bss           0x20000a6a        0x0 C:\PROGRA~2\GNUTOO~1\4195F~1.920\arm-none-eabi\lib\thumb\libc.a(lib_a-fini.o)
 .bss           0x20000a6a        0x0 C:\PROGRA~2\GNUTOO~1\4195F~1.920\arm-none-eabi\lib\thumb\libc.a(lib_a-locale.o)
 *fill*         0x20000a6a        0x2 
 .bss._PathLocale
                0x20000a6c        0x4 C:\PROGRA~2\GNUTOO~1\4195F~1.920\arm-none-eabi\lib\thumb\libc.a(lib_a-locale.o)
                0x20000a6c                _PathLocale
 .bss.__nlocale_changed
                0x20000a70        0x4 C:\PROGRA~2\GNUTOO~1\4195F~1.920\arm-none-eabi\lib\thumb\libc.a(lib_a-locale.o)
                0x20000a70                __nlocale_changed
 .bss.__mlocale_changed
                0x20000a74        0x4 C:\PROGRA~2\GNUTOO~1\4195F~1.920\arm-none-eabi\lib\thumb\libc.a(lib_a-locale.o)
                0x20000a74                __mlocale_changed
 .bss           0x20000a78        0x0 C:\PROGRA~2\GNUTOO~1\4195F~1.920\arm-none-eabi\lib\thumb\libc.a(lib_a-mallocr.o)
 .bss.__malloc_max_total_mem
                0x20000a78        0x4 C:\PROGRA~2\GNUTOO~1\4195F~1.920\arm-none-eabi\lib\thumb\libc.a(lib_a-mallocr.o)
                0x20000a78                __malloc_max_total_mem
 .bss.__malloc_max_sbrked_mem
                0x20000a7c        0x4 C:\PROGRA~2\GNUTOO~1\4195F~1.920\arm-none-eabi\lib\thumb\libc.a(lib_a-mallocr.o)
                0x20000a7c                __malloc_max_sbrked_mem
 .bss.__malloc_top_pad
                0x20000a80        0x4 C:\PROGRA~2\GNUTOO~1\4195F~1.920\arm-none-eabi\lib\thumb\libc.a(lib_a-mallocr.o)
                0x20000a80                __malloc_top_pad
 .bss.__malloc_current_mallinfo
                0x20000a84       0x28 C:\PROGRA~2\GNUTOO~1\4195F~1.920\arm-none-eabi\lib\thumb\libc.a(lib_a-mallocr.o)
                0x20000a84                __malloc_current_mallinfo
 .bss           0x20000aac        0x0 C:\PROGRA~2\GNUTOO~1\4195F~1.920\arm-none-eabi\lib\thumb\libc.a(lib_a-memchr.o)
 .bss           0x20000aac        0x0 C:\PROGRA~2\GNUTOO~1\4195F~1.920\arm-none-eabi\lib\thumb\libc.a(lib_a-memcpy.o)
 .bss           0x20000aac        0x0 C:\PROGRA~2\GNUTOO~1\4195F~1.920\arm-none-eabi\lib\thumb\libc.a(lib_a-mlock.o)
 .bss           0x20000aac        0x0 C:\PROGRA~2\GNUTOO~1\4195F~1.920\arm-none-eabi\lib\thumb\libc.a(lib_a-mprec.o)
 .bss           0x20000aac        0x0 C:\PROGRA~2\GNUTOO~1\4195F~1.920\arm-none-eabi\lib\thumb\libc.a(lib_a-s_fpclassify.o)
 .bss           0x20000aac        0x0 C:\PROGRA~2\GNUTOO~1\4195F~1.920\arm-none-eabi\lib\thumb\libc.a(lib_a-sbrkr.o)
 .bss           0x20000aac        0x0 C:\PROGRA~2\GNUTOO~1\4195F~1.920\arm-none-eabi\lib\thumb\libc.a(lib_a-strcmp.o)
 .bss           0x20000aac        0x0 C:\PROGRA~2\GNUTOO~1\4195F~1.920\arm-none-eabi\lib\thumb\libc.a(lib_a-strlen.o)
 .bss           0x20000aac        0x0 C:\PROGRA~2\GNUTOO~1\4195F~1.920\arm-none-eabi\lib\thumb\libc.a(lib_a-svfiprintf.o)
 .bss           0x20000aac        0x0 C:\PROGRA~2\GNUTOO~1\4195F~1.920\arm-none-eabi\lib\thumb\libc.a(lib_a-__atexit.o)
 .bss           0x20000aac        0x0 C:\PROGRA~2\GNUTOO~1\4195F~1.920\arm-none-eabi\lib\thumb\libc.a(lib_a-callocr.o)
 .bss           0x20000aac        0x0 C:\PROGRA~2\GNUTOO~1\4195F~1.920\arm-none-eabi\lib\thumb\libc.a(lib_a-freer.o)
 .bss           0x20000aac        0x0 C:\PROGRA~2\GNUTOO~1\4195F~1.920\arm-none-eabi\lib\thumb\libc.a(lib_a-memmove.o)
 .bss           0x20000aac        0x0 C:\PROGRA~2\GNUTOO~1\4195F~1.920\arm-none-eabi\lib\thumb\libc.a(lib_a-reallocr.o)
 .bss           0x20000aac        0x0 C:\PROGRA~2\GNUTOO~1\4195F~1.920\arm-none-eabi\lib\thumb\libc.a(lib_a-reent.o)
 .bss           0x20000aac        0x0 C:\PROGRA~2\GNUTOO~1\4195F~1.920\arm-none-eabi\lib\thumb\libnosys.a(sbrk.o)
 .bss.heap_end.4079
                0x20000aac        0x4 C:\PROGRA~2\GNUTOO~1\4195F~1.920\arm-none-eabi\lib\thumb\libnosys.a(sbrk.o)
 .bss           0x20000ab0        0x0 c:/progra~2/gnutoo~1/4195f~1.920/bin/../lib/gcc/arm-none-eabi/4.9.3/armv7e-m\libgcc.a(_udivsi3.o)
 .bss           0x20000ab0        0x0 c:/progra~2/gnutoo~1/4195f~1.920/bin/../lib/gcc/arm-none-eabi/4.9.3/armv7e-m\libgcc.a(_divsi3.o)
 .bss           0x20000ab0        0x0 c:/progra~2/gnutoo~1/4195f~1.920/bin/../lib/gcc/arm-none-eabi/4.9.3/armv7e-m\libgcc.a(_dvmd_tls.o)
 .bss           0x20000ab0        0x0 c:/progra~2/gnutoo~1/4195f~1.920/bin/../lib/gcc/arm-none-eabi/4.9.3/armv7e-m\libgcc.a(_aeabi_uldivmod.o)
 .bss           0x20000ab0        0x0 c:/progra~2/gnutoo~1/4195f~1.920/bin/../lib/gcc/arm-none-eabi/4.9.3/armv7e-m\libgcc.a(bpabi.o)
 .bss           0x20000ab0        0x0 c:/progra~2/gnutoo~1/4195f~1.920/bin/../lib/gcc/arm-none-eabi/4.9.3/armv7e-m\libgcc.a(_divdi3.o)
 .bss           0x20000ab0        0x0 c:/progra~2/gnutoo~1/4195f~1.920/bin/../lib/gcc/arm-none-eabi/4.9.3/armv7e-m\libgcc.a(_udivdi3.o)
 .bss           0x20000ab0        0x0 c:/progra~2/gnutoo~1/4195f~1.920/bin/../lib/gcc/arm-none-eabi/4.9.3/armv7e-m/crtend.o
 .bss           0x20000ab0        0x0 c:/progra~2/gnutoo~1/4195f~1.920/bin/../lib/gcc/arm-none-eabi/4.9.3/armv7e-m/crtn.o
 *(COMMON)
 COMMON         0x20000ab0        0x1 obj/Event.o
                0x20000ab0                evts
 *fill*         0x20000ab1        0x3 
 COMMON         0x20000ab4        0x8 obj/STMPE811QTR.o
                0x20000ab4                TS_State
 COMMON         0x20000abc       0x4c obj/StateMachine.o
                0x20000abc                Ahours
                0x20000ac0                Alarm_signal
                0x20000ac4                Timer_exp
                0x20000ac8                Aseconds
                0x20000acc                Dhours
                0x20000ad0                mutex
                0x20000ad4                mode
                0x20000ad8                tenths
                0x20000adc                Aminutes
                0x20000ae0                Dseconds
                0x20000ae4                seconds
                0x20000ae8                Atenths
                0x20000aec                Alarm_m
                0x20000af0                Alarm_h
                0x20000af4                Alarm_state
                0x20000af8                Dminutes
                0x20000afc                minutes
                0x20000b00                Dtenths
                0x20000b04                hours
 COMMON         0x20000b08       0x20 obj/Touch.o
                0x20000b08                touch_points
                0x20000b1c                tcs
 COMMON         0x20000b28        0x1 obj/code.o
                0x20000b28                sm_control
 *fill*         0x20000b29        0x3 
 COMMON         0x20000b2c       0x54 obj/eecfg.o
                0x20000b2c                EE_terminate_data
                0x20000b3c                EE_oo_counter_object_RAM
                0x20000b7c                EE_ApplicationMode
 COMMON         0x20000b80        0x8 libee.a(ee_hal_structs.o)
                0x20000b80                EE_IRQ_nesting_level
                0x20000b84                EE_std_endcycle_next_tid
 COMMON         0x20000b88        0x8 libee.a(ee_lookup.o)
                0x20000b88                EE_oo_IRQ_disable_count
                0x20000b8c                EE_oo_IRQ_suspend_status
 COMMON         0x20000b90        0x4 C:\PROGRA~2\GNUTOO~1\4195F~1.920\arm-none-eabi\lib\thumb\libc.a(lib_a-reent.o)
                0x20000b90                errno
                0x20000b94                . = ALIGN (0x4)
                0x20000b94                __bss_end__ = .

.heap           0x20000b98      0x100
                0x20000b98                __end__ = .
                0x20000b98                end = __end__
 *(.heap*)
 .heap          0x20000b98      0x100 obj/pkg/mcu/st_stm32_stm32f4xx/src/startup_stm32f4xx_gnu.o
                0x20000b98                __HeapBase
                0x20000c98                __HeapLimit = .

.stack_dummy    0x20000b98      0xc00
 *(.stack*)
 .stack         0x20000b98      0xc00 obj/pkg/mcu/st_stm32_stm32f4xx/src/startup_stm32f4xx_gnu.o
                0x20020000                __StackTop = (ORIGIN (RAM) + 0x20000)
                0x2001f400                __StackLimit = (__StackTop - SIZEOF (.stack_dummy))
                0x20020000                PROVIDE (__stack, __StackTop)
                0x00000001                ASSERT ((__StackLimit >= __HeapLimit), region RAM overflowed with stack)
                0x10000000                __CcmOrigin = ORIGIN (CCM)
                0x00010000                __CcmLen = 0x10000
START GROUP
LOAD c:/progra~2/gnutoo~1/4195f~1.920/bin/../lib/gcc/arm-none-eabi/4.9.3/armv7e-m\libgcc.a
LOAD C:\PROGRA~2\GNUTOO~1\4195F~1.920\arm-none-eabi\lib\thumb\libg.a
LOAD C:\PROGRA~2\GNUTOO~1\4195F~1.920\arm-none-eabi\lib\thumb\libc.a
END GROUP
LOAD c:/progra~2/gnutoo~1/4195f~1.920/bin/../lib/gcc/arm-none-eabi/4.9.3/armv7e-m/crtend.o
LOAD c:/progra~2/gnutoo~1/4195f~1.920/bin/../lib/gcc/arm-none-eabi/4.9.3/armv7e-m/crtn.o
OUTPUT(c_mX.elf elf32-littlearm)

.ARM.attributes
                0x00000000       0x2c
 .ARM.attributes
                0x00000000       0x1e c:/progra~2/gnutoo~1/4195f~1.920/bin/../lib/gcc/arm-none-eabi/4.9.3/armv7e-m/crti.o
 .ARM.attributes
                0x0000001e       0x2e c:/progra~2/gnutoo~1/4195f~1.920/bin/../lib/gcc/arm-none-eabi/4.9.3/armv7e-m/crtbegin.o
 .ARM.attributes
                0x0000004c       0x1c c:/progra~2/gnutoo~1/4195f~1.920/bin/../lib/gcc/arm-none-eabi/4.9.3/../../../../arm-none-eabi/lib/armv7e-m/crt0.o
 .ARM.attributes
                0x00000068       0x33 obj/Event.o
 .ARM.attributes
                0x0000009b       0x33 obj/STMPE811QTR.o
 .ARM.attributes
                0x000000ce       0x33 obj/StateMachine.o
 .ARM.attributes
                0x00000101       0x33 obj/Touch.o
 .ARM.attributes
                0x00000134       0x33 obj/Widget.o
 .ARM.attributes
                0x00000167       0x33 obj/WidgetConfig.o
 .ARM.attributes
                0x0000019a       0x33 obj/code.o
 .ARM.attributes
                0x000001cd       0x33 obj/debug.o
 .ARM.attributes
                0x00000200       0x33 obj/eecfg.o
 .ARM.attributes
                0x00000233       0x33 obj/pictures.o
 .ARM.attributes
                0x00000266       0x1c obj/pkg/mcu/st_stm32_stm32f4xx/src/startup_stm32f4xx_gnu.o
 .ARM.attributes
                0x00000282       0x33 obj/pkg/mcu/st_stm32_stm32f4xx/src/system_stm32f4xx.o
 .ARM.attributes
                0x000002b5       0x33 libee.a(ee_hal_structs.o)
 .ARM.attributes
                0x000002e8       0x33 libee.a(ee_utils.o)
 .ARM.attributes
                0x0000031b       0x21 libee.a(ee_gnu_change_context_isr.o)
 .ARM.attributes
                0x0000033c       0x33 libee.a(ee_irqendin.o)
 .ARM.attributes
                0x0000036f       0x33 libee.a(ee_tstub.o)
 .ARM.attributes
                0x000003a2       0x33 libee.a(ee_lookup.o)
 .ARM.attributes
                0x000003d5       0x33 libee.a(ee_rq_exchg.o)
 .ARM.attributes
                0x00000408       0x33 libee.a(ee_alsetrel.o)
 .ARM.attributes
                0x0000043b       0x33 libee.a(ee_altick.o)
 .ARM.attributes
                0x0000046e       0x33 libee.a(ee_context.o)
 .ARM.attributes
                0x000004a1       0x21 libee.a(ee_gnu_oo.o)
 .ARM.attributes
                0x000004c2       0x33 libee.a(ee_tnterm.o)
 .ARM.attributes
                0x000004f5       0x33 libee.a(ee_rq_inser.o)
 .ARM.attributes
                0x00000528       0x33 libee.a(ee_context.o)
 .ARM.attributes
                0x0000055b       0x33 libee.a(ee_thendin.o)
 .ARM.attributes
                0x0000058e       0x33 libstm32f4discovery.a(stm32f4_discovery_lcd.o)
 .ARM.attributes
                0x000005c1       0x33 libstm32f4xxspd.a(stm32f4xx_dma.o)
 .ARM.attributes
                0x000005f4       0x33 libstm32f4xxspd.a(stm32f4xx_fsmc.o)
 .ARM.attributes
                0x00000627       0x33 libstm32f4xxspd.a(stm32f4xx_gpio.o)
 .ARM.attributes
                0x0000065a       0x33 libstm32f4xxspd.a(stm32f4xx_i2c.o)
 .ARM.attributes
                0x0000068d       0x33 libstm32f4xxspd.a(stm32f4xx_rcc.o)
 .ARM.attributes
                0x000006c0       0x1e c:/progra~2/gnutoo~1/4195f~1.920/bin/../lib/gcc/arm-none-eabi/4.9.3/armv7e-m\libgcc.a(_arm_addsubdf3.o)
 .ARM.attributes
                0x000006de       0x1e c:/progra~2/gnutoo~1/4195f~1.920/bin/../lib/gcc/arm-none-eabi/4.9.3/armv7e-m\libgcc.a(_arm_muldivdf3.o)
 .ARM.attributes
                0x000006fc       0x1e c:/progra~2/gnutoo~1/4195f~1.920/bin/../lib/gcc/arm-none-eabi/4.9.3/armv7e-m\libgcc.a(_arm_cmpdf2.o)
 .ARM.attributes
                0x0000071a       0x1e c:/progra~2/gnutoo~1/4195f~1.920/bin/../lib/gcc/arm-none-eabi/4.9.3/armv7e-m\libgcc.a(_arm_fixdfsi.o)
 .ARM.attributes
                0x00000738       0x1e c:/progra~2/gnutoo~1/4195f~1.920/bin/../lib/gcc/arm-none-eabi/4.9.3/armv7e-m\libgcc.a(_arm_addsubsf3.o)
 .ARM.attributes
                0x00000756       0x1e c:/progra~2/gnutoo~1/4195f~1.920/bin/../lib/gcc/arm-none-eabi/4.9.3/armv7e-m\libgcc.a(_arm_muldivsf3.o)
 .ARM.attributes
                0x00000774       0x1e c:/progra~2/gnutoo~1/4195f~1.920/bin/../lib/gcc/arm-none-eabi/4.9.3/armv7e-m\libgcc.a(_arm_fixsfsi.o)
 .ARM.attributes
                0x00000792       0x1e c:/progra~2/gnutoo~1/4195f~1.920/bin/../lib/gcc/arm-none-eabi/4.9.3/armv7e-m\libgcc.a(_arm_fixunssfsi.o)
 .ARM.attributes
                0x000007b0       0x30 C:\PROGRA~2\GNUTOO~1\4195F~1.920\arm-none-eabi\lib\thumb\libc.a(lib_a-exit.o)
 .ARM.attributes
                0x000007e0       0x30 C:\PROGRA~2\GNUTOO~1\4195F~1.920\arm-none-eabi\lib\thumb\libc.a(lib_a-impure.o)
 .ARM.attributes
                0x00000810       0x30 C:\PROGRA~2\GNUTOO~1\4195F~1.920\arm-none-eabi\lib\thumb\libc.a(lib_a-init.o)
 .ARM.attributes
                0x00000840       0x30 C:\PROGRA~2\GNUTOO~1\4195F~1.920\arm-none-eabi\lib\thumb\libc.a(lib_a-memset.o)
 .ARM.attributes
                0x00000870       0x30 C:\PROGRA~2\GNUTOO~1\4195F~1.920\arm-none-eabi\lib\thumb\libc.a(lib_a-sprintf.o)
 .ARM.attributes
                0x000008a0       0x30 C:\PROGRA~2\GNUTOO~1\4195F~1.920\arm-none-eabi\lib\thumb\libc.a(lib_a-svfprintf.o)
 .ARM.attributes
                0x000008d0       0x30 C:\PROGRA~2\GNUTOO~1\4195F~1.920\arm-none-eabi\lib\thumb\libc.a(lib_a-__call_atexit.o)
 .ARM.attributes
                0x00000900       0x30 C:\PROGRA~2\GNUTOO~1\4195F~1.920\arm-none-eabi\lib\thumb\libc.a(lib_a-atexit.o)
 .ARM.attributes
                0x00000930       0x30 C:\PROGRA~2\GNUTOO~1\4195F~1.920\arm-none-eabi\lib\thumb\libc.a(lib_a-dtoa.o)
 .ARM.attributes
                0x00000960       0x30 C:\PROGRA~2\GNUTOO~1\4195F~1.920\arm-none-eabi\lib\thumb\libc.a(lib_a-fini.o)
 .ARM.attributes
                0x00000990       0x30 C:\PROGRA~2\GNUTOO~1\4195F~1.920\arm-none-eabi\lib\thumb\libc.a(lib_a-locale.o)
 .ARM.attributes
                0x000009c0       0x30 C:\PROGRA~2\GNUTOO~1\4195F~1.920\arm-none-eabi\lib\thumb\libc.a(lib_a-mallocr.o)
 .ARM.attributes
                0x000009f0       0x30 C:\PROGRA~2\GNUTOO~1\4195F~1.920\arm-none-eabi\lib\thumb\libc.a(lib_a-memchr.o)
 .ARM.attributes
                0x00000a20       0x30 C:\PROGRA~2\GNUTOO~1\4195F~1.920\arm-none-eabi\lib\thumb\libc.a(lib_a-memcpy.o)
 .ARM.attributes
                0x00000a50       0x30 C:\PROGRA~2\GNUTOO~1\4195F~1.920\arm-none-eabi\lib\thumb\libc.a(lib_a-mlock.o)
 .ARM.attributes
                0x00000a80       0x30 C:\PROGRA~2\GNUTOO~1\4195F~1.920\arm-none-eabi\lib\thumb\libc.a(lib_a-mprec.o)
 .ARM.attributes
                0x00000ab0       0x30 C:\PROGRA~2\GNUTOO~1\4195F~1.920\arm-none-eabi\lib\thumb\libc.a(lib_a-s_fpclassify.o)
 .ARM.attributes
                0x00000ae0       0x30 C:\PROGRA~2\GNUTOO~1\4195F~1.920\arm-none-eabi\lib\thumb\libc.a(lib_a-sbrkr.o)
 .ARM.attributes
                0x00000b10       0x16 C:\PROGRA~2\GNUTOO~1\4195F~1.920\arm-none-eabi\lib\thumb\libc.a(lib_a-strcmp.o)
 .ARM.attributes
                0x00000b26       0x30 C:\PROGRA~2\GNUTOO~1\4195F~1.920\arm-none-eabi\lib\thumb\libc.a(lib_a-strlen.o)
 .ARM.attributes
                0x00000b56       0x30 C:\PROGRA~2\GNUTOO~1\4195F~1.920\arm-none-eabi\lib\thumb\libc.a(lib_a-svfiprintf.o)
 .ARM.attributes
                0x00000b86       0x30 C:\PROGRA~2\GNUTOO~1\4195F~1.920\arm-none-eabi\lib\thumb\libc.a(lib_a-__atexit.o)
 .ARM.attributes
                0x00000bb6       0x30 C:\PROGRA~2\GNUTOO~1\4195F~1.920\arm-none-eabi\lib\thumb\libc.a(lib_a-callocr.o)
 .ARM.attributes
                0x00000be6       0x30 C:\PROGRA~2\GNUTOO~1\4195F~1.920\arm-none-eabi\lib\thumb\libc.a(lib_a-freer.o)
 .ARM.attributes
                0x00000c16       0x30 C:\PROGRA~2\GNUTOO~1\4195F~1.920\arm-none-eabi\lib\thumb\libc.a(lib_a-memmove.o)
 .ARM.attributes
                0x00000c46       0x30 C:\PROGRA~2\GNUTOO~1\4195F~1.920\arm-none-eabi\lib\thumb\libc.a(lib_a-reallocr.o)
 .ARM.attributes
                0x00000c76       0x30 C:\PROGRA~2\GNUTOO~1\4195F~1.920\arm-none-eabi\lib\thumb\libc.a(lib_a-reent.o)
 .ARM.attributes
                0x00000ca6       0x30 C:\PROGRA~2\GNUTOO~1\4195F~1.920\arm-none-eabi\lib\thumb\libnosys.a(sbrk.o)
 .ARM.attributes
                0x00000cd6       0x1e c:/progra~2/gnutoo~1/4195f~1.920/bin/../lib/gcc/arm-none-eabi/4.9.3/armv7e-m\libgcc.a(_udivsi3.o)
 .ARM.attributes
                0x00000cf4       0x1e c:/progra~2/gnutoo~1/4195f~1.920/bin/../lib/gcc/arm-none-eabi/4.9.3/armv7e-m\libgcc.a(_divsi3.o)
 .ARM.attributes
                0x00000d12       0x1e c:/progra~2/gnutoo~1/4195f~1.920/bin/../lib/gcc/arm-none-eabi/4.9.3/armv7e-m\libgcc.a(_dvmd_tls.o)
 .ARM.attributes
                0x00000d30       0x1e c:/progra~2/gnutoo~1/4195f~1.920/bin/../lib/gcc/arm-none-eabi/4.9.3/armv7e-m\libgcc.a(_aeabi_uldivmod.o)
 .ARM.attributes
                0x00000d4e       0x2e c:/progra~2/gnutoo~1/4195f~1.920/bin/../lib/gcc/arm-none-eabi/4.9.3/armv7e-m\libgcc.a(bpabi.o)
 .ARM.attributes
                0x00000d7c       0x2e c:/progra~2/gnutoo~1/4195f~1.920/bin/../lib/gcc/arm-none-eabi/4.9.3/armv7e-m\libgcc.a(_divdi3.o)
 .ARM.attributes
                0x00000daa       0x2e c:/progra~2/gnutoo~1/4195f~1.920/bin/../lib/gcc/arm-none-eabi/4.9.3/armv7e-m\libgcc.a(_udivdi3.o)
 .ARM.attributes
                0x00000dd8       0x2e c:/progra~2/gnutoo~1/4195f~1.920/bin/../lib/gcc/arm-none-eabi/4.9.3/armv7e-m/crtend.o
 .ARM.attributes
                0x00000e06       0x1e c:/progra~2/gnutoo~1/4195f~1.920/bin/../lib/gcc/arm-none-eabi/4.9.3/armv7e-m/crtn.o

.comment        0x00000000       0x70
 .comment       0x00000000       0x70 obj/Event.o
                                 0x71 (size before relaxing)
 .comment       0x00000000       0x71 obj/STMPE811QTR.o
 .comment       0x00000000       0x71 obj/StateMachine.o
 .comment       0x00000000       0x71 obj/Touch.o
 .comment       0x00000000       0x71 obj/Widget.o
 .comment       0x00000000       0x71 obj/WidgetConfig.o
 .comment       0x00000000       0x71 obj/code.o
 .comment       0x00000000       0x71 obj/debug.o
 .comment       0x00000000       0x71 obj/eecfg.o
 .comment       0x00000000       0x71 obj/pictures.o
 .comment       0x00000000       0x71 obj/pkg/mcu/st_stm32_stm32f4xx/src/system_stm32f4xx.o
 .comment       0x00000000       0x71 libee.a(ee_hal_structs.o)
 .comment       0x00000000       0x71 libee.a(ee_utils.o)
 .comment       0x00000000       0x71 libee.a(ee_irqendin.o)
 .comment       0x00000000       0x71 libee.a(ee_tstub.o)
 .comment       0x00000000       0x71 libee.a(ee_lookup.o)
 .comment       0x00000000       0x71 libee.a(ee_rq_exchg.o)
 .comment       0x00000000       0x71 libee.a(ee_alsetrel.o)
 .comment       0x00000000       0x71 libee.a(ee_altick.o)
 .comment       0x00000000       0x71 libee.a(ee_context.o)
 .comment       0x00000000       0x71 libee.a(ee_tnterm.o)
 .comment       0x00000000       0x71 libee.a(ee_rq_inser.o)
 .comment       0x00000000       0x71 libee.a(ee_context.o)
 .comment       0x00000000       0x71 libee.a(ee_thendin.o)
 .comment       0x00000000       0x71 libstm32f4discovery.a(stm32f4_discovery_lcd.o)
 .comment       0x00000000       0x71 libstm32f4xxspd.a(stm32f4xx_dma.o)
 .comment       0x00000000       0x71 libstm32f4xxspd.a(stm32f4xx_fsmc.o)
 .comment       0x00000000       0x71 libstm32f4xxspd.a(stm32f4xx_gpio.o)
 .comment       0x00000000       0x71 libstm32f4xxspd.a(stm32f4xx_i2c.o)
 .comment       0x00000000       0x71 libstm32f4xxspd.a(stm32f4xx_rcc.o)

.debug_info     0x00000000     0xc2de
 .debug_info    0x00000000       0x3d obj/Event.o
 .debug_info    0x0000003d      0xd4f obj/STMPE811QTR.o
 .debug_info    0x00000d8c      0x30f obj/StateMachine.o
 .debug_info    0x0000109b      0x482 obj/Touch.o
 .debug_info    0x0000151d      0x454 obj/Widget.o
 .debug_info    0x00001971      0x4b0 obj/WidgetConfig.o
 .debug_info    0x00001e21      0xb06 obj/code.o
 .debug_info    0x00002927      0x18a obj/debug.o
 .debug_info    0x00002ab1      0x648 obj/eecfg.o
 .debug_info    0x000030f9      0x1c0 obj/pictures.o
 .debug_info    0x000032b9       0xcc obj/pkg/mcu/st_stm32_stm32f4xx/src/startup_stm32f4xx_gnu.o
 .debug_info    0x00003385      0x592 obj/pkg/mcu/st_stm32_stm32f4xx/src/system_stm32f4xx.o
 .debug_info    0x00003917      0x472 libee.a(ee_hal_structs.o)
 .debug_info    0x00003d89      0x549 libee.a(ee_utils.o)
 .debug_info    0x000042d2       0xcb libee.a(ee_gnu_change_context_isr.o)
 .debug_info    0x0000439d      0x5f2 libee.a(ee_irqendin.o)
 .debug_info    0x0000498f      0x51f libee.a(ee_tstub.o)
 .debug_info    0x00004eae      0x472 libee.a(ee_lookup.o)
 .debug_info    0x00005320      0x48e libee.a(ee_rq_exchg.o)
 .debug_info    0x000057ae      0x5f3 libee.a(ee_alsetrel.o)
 .debug_info    0x00005da1      0xa6a libee.a(ee_altick.o)
 .debug_info    0x0000680b      0x48a libee.a(ee_context.o)
 .debug_info    0x00006c95       0xbb libee.a(ee_gnu_oo.o)